Submodule 'src/uct/ib/mlx5/gdaki/gpunetio' (https://github.com/NVIDIA-DOCA/gpunetio) registered for path 'external/gpunetio'
Cloning into '<WORKSPACE>/.upstream/ucx/external/gpunetio'...
fatal: unable to access 'https://github.com/NVIDIA-DOCA/gpunetio/': Could not resolve host: github.com
fatal: clone of 'https://github.com/NVIDIA-DOCA/gpunetio' into submodule path '<WORKSPACE>/.upstream/ucx/external/gpunetio' failed
Failed to clone 'external/gpunetio'. Retry scheduled
Cloning into '<WORKSPACE>/.upstream/ucx/external/gpunetio'...
fatal: unable to access 'https://github.com/NVIDIA-DOCA/gpunetio/': Could not resolve host: github.com
fatal: clone of 'https://github.com/NVIDIA-DOCA/gpunetio' into submodule path '<WORKSPACE>/.upstream/ucx/external/gpunetio' failed
Failed to clone 'external/gpunetio' a second time, aborting
WARNING: Failed to update GPUNetIO submodule, continuing...
autoreconf: export WARNINGS=
autoreconf: Entering directory '.'
autoreconf: configure.ac: not using Gettext
autoreconf: running: aclocal -I config/m4
autoreconf: configure.ac: tracing
autoreconf: running: libtoolize --copy
libtoolize: putting auxiliary files in '.'.
libtoolize: copying file './ltmain.sh'
libtoolize: putting macros in AC_CONFIG_MACRO_DIRS, 'config/m4'.
libtoolize: copying file 'config/m4/libtool.m4'
libtoolize: copying file 'config/m4/ltoptions.m4'
libtoolize: copying file 'config/m4/ltsugar.m4'
libtoolize: copying file 'config/m4/ltversion.m4'
libtoolize: copying file 'config/m4/lt~obsolete.m4'
autoreconf: configure.ac: not using Intltool
autoreconf: configure.ac: not using Gtkdoc
autoreconf: running: aclocal -I config/m4
autoreconf: running: /usr/bin/autoconf
autoreconf: running: /usr/bin/autoheader
autoreconf: running: automake --add-missing --copy --no-force
configure.ac:31: installing './compile'
configure.ac:125: installing './config.guess'
configure.ac:125: installing './config.sub'
configure.ac:57: installing './install-sh'
configure.ac:57: installing './missing'
bindings/java/src/main/native/Makefile.am: installing './depcomp'
autoreconf: Leaving directory '.'
