/tmp/ucx-clinic-38becbb6c7/stock-align-src/src/ucp/wireup/address.c:1241:9: runtime error: store to misaligned address 0x5cc31cf46021 for type 'uint64_t' (aka 'unsigned long'), which requires 8 byte alignment
0x5cc31cf46021: note: pointer points here
 00 00 00  00 00 00 00 00 00 00 00  00 00 00 00 00 00 00 00  00 00 00 00 00 00 00 00  00 00 00 00 00
              ^ 
SUMMARY: UndefinedBehaviorSanitizer: undefined-behavior /tmp/ucx-clinic-38becbb6c7/stock-align-src/src/ucp/wireup/address.c:1241:9 
/tmp/ucx-clinic-38becbb6c7/stock-align-src/src/ucp/wireup/address.c:1336:13: runtime error: store to misaligned address 0x5cc31cf4602b for type 'uint16_t' (aka 'unsigned short'), which requires 2 byte alignment
0x5cc31cf4602b: note: pointer points here
 7e  25 00 00 00 00 00 00 00  00 00 00 00 00 00 00 00  00 00 00 00 00 00 00 00  00 00 00 00 00 00 00
              ^ 
SUMMARY: UndefinedBehaviorSanitizer: undefined-behavior /tmp/ucx-clinic-38becbb6c7/stock-align-src/src/ucp/wireup/address.c:1336:13 
/tmp/ucx-clinic-38becbb6c7/stock-align-src/src/uct/sm/self/self.c:140:5: runtime error: store to misaligned address 0x5cc31cf4603e for type 'uct_self_iface_addr_t' (aka 'unsigned long'), which requires 8 byte alignment
0x5cc31cf4603e: note: pointer points here
 4f 03 00 08 00 00  00 00 00 00 00 00 00 00  00 00 00 00 00 00 00 00  00 00 00 00 00 00 00 00  00 00
             ^ 
SUMMARY: UndefinedBehaviorSanitizer: undefined-behavior /tmp/ucx-clinic-38becbb6c7/stock-align-src/src/uct/sm/self/self.c:140:5 
/tmp/ucx-clinic-38becbb6c7/stock-align-src/src/ucp/wireup/address.c:1167:12: runtime error: load of misaligned address 0x5cc31cf39f71 for type 'uint64_t' (aka 'unsigned long'), which requires 8 byte alignment
0x5cc31cf39f71: note: pointer points here
 00 00 00  20 4a 84 79 58 14 8c 82  3f 00 00 63 75 77 cc 2b  32 00 40 97 50 00 00 00  00 00 4f 03 00
              ^ 
SUMMARY: UndefinedBehaviorSanitizer: undefined-behavior /tmp/ucx-clinic-38becbb6c7/stock-align-src/src/ucp/wireup/address.c:1167:12 
/tmp/ucx-clinic-38becbb6c7/stock-align-src/src/ucp/wireup/address.c:1792:37: runtime error: load of misaligned address 0x5cc31cf39f7b for type 'uint16_t' (aka 'unsigned short'), which requires 2 byte alignment
0x5cc31cf39f7b: note: pointer points here
 82  3f 00 00 63 75 77 cc 2b  32 00 40 97 50 00 00 00  00 00 4f 03 00 88 a4 c4  3e 96 b7 17 a6 9a 01
              ^ 
SUMMARY: UndefinedBehaviorSanitizer: undefined-behavior /tmp/ucx-clinic-38becbb6c7/stock-align-src/src/ucp/wireup/address.c:1792:37 
/tmp/ucx-clinic-38becbb6c7/stock-align-src/src/uct/sm/self/self.c:162:22: runtime error: load of misaligned address 0x5cc31cf39f8e for type 'const uct_self_iface_addr_t' (aka 'const unsigned long'), which requires 8 byte alignment
0x5cc31cf39f8e: note: pointer points here
 4f 03 00 88 a4 c4  3e 96 b7 17 a6 9a 01 0e  01 02 91 51 b9 4b ec 5f  74 d7 f9 ff ff ef cf 19  17 b7
             ^ 
SUMMARY: UndefinedBehaviorSanitizer: undefined-behavior /tmp/ucx-clinic-38becbb6c7/stock-align-src/src/uct/sm/self/self.c:162:22 
/tmp/ucx-clinic-38becbb6c7/stock-align-src/src/ucp/rndv/rndv_rtr.c:283:52: runtime error: member access within misaligned address 0x5cc31cf5bfe1 for type 'const ucp_proto_rndv_ctrl_priv_t', which requires 8 byte alignment
0x5cc31cf5bfe1: note: pointer points here
 a4 7f 00  00 00 00 00 00 00 00 00  00 00 00 00 00 00 00 00  00 4f 11 31 b4 a4 7f 00  00 c8 00 00 00
              ^ 
SUMMARY: UndefinedBehaviorSanitizer: undefined-behavior /tmp/ucx-clinic-38becbb6c7/stock-align-src/src/ucp/rndv/rndv_rtr.c:283:52 
/tmp/ucx-clinic-38becbb6c7/stock-align-src/src/ucp/proto/proto_select.c:891:40: runtime error: member access within misaligned address 0x5cc31cf5c401 for type 'const ucp_proto_config_t', which requires 8 byte alignment
0x5cc31cf5c401: note: pointer points here
 c3 5c 00  00 88 25 50 b4 a4 7f 00  00 a0 32 f5 1c c3 5c 00  00 00 00 00 00 0a 00 00  00 ff 01 00 00
              ^ 
SUMMARY: UndefinedBehaviorSanitizer: undefined-behavior /tmp/ucx-clinic-38becbb6c7/stock-align-src/src/ucp/proto/proto_select.c:891:40 
/tmp/ucx-clinic-38becbb6c7/stock-align-src/src/ucp/proto/proto_select.c:891:40: runtime error: load of misaligned address 0x5cc31cf5c401 for type 'const ucp_proto_t *const' (aka 'const struct ucp_proto *const'), which requires 8 byte alignment
0x5cc31cf5c401: note: pointer points here
 c3 5c 00  00 88 25 50 b4 a4 7f 00  00 a0 32 f5 1c c3 5c 00  00 00 00 00 00 0a 00 00  00 ff 01 00 00
              ^ 
SUMMARY: UndefinedBehaviorSanitizer: undefined-behavior /tmp/ucx-clinic-38becbb6c7/stock-align-src/src/ucp/proto/proto_select.c:891:40 
/tmp/ucx-clinic-38becbb6c7/stock-align-src/src/ucp/proto/proto_select.c:892:40: runtime error: member access within misaligned address 0x5cc31cf5c401 for type 'const ucp_proto_config_t', which requires 8 byte alignment
0x5cc31cf5c401: note: pointer points here
 c3 5c 00  00 88 25 50 b4 a4 7f 00  00 a0 32 f5 1c c3 5c 00  00 00 00 00 00 0a 00 00  00 ff 01 00 00
              ^ 
SUMMARY: UndefinedBehaviorSanitizer: undefined-behavior /tmp/ucx-clinic-38becbb6c7/stock-align-src/src/ucp/proto/proto_select.c:892:40 
/tmp/ucx-clinic-38becbb6c7/stock-align-src/src/ucp/proto/proto_select.c:892:40: runtime error: load of misaligned address 0x5cc31cf5c409 for type 'const void *const', which requires 8 byte alignment
0x5cc31cf5c409: note: pointer points here
 a4 7f 00  00 a0 32 f5 1c c3 5c 00  00 00 00 00 00 0a 00 00  00 ff 01 00 00 c3 5c 00  00 b0 92 f5 1c
              ^ 
SUMMARY: UndefinedBehaviorSanitizer: undefined-behavior /tmp/ucx-clinic-38becbb6c7/stock-align-src/src/ucp/proto/proto_select.c:892:40 
/tmp/ucx-clinic-38becbb6c7/stock-align-src/src/ucp/proto/proto_select.c:894:41: runtime error: member access within misaligned address 0x5cc31cf5c401 for type 'const ucp_proto_config_t', which requires 8 byte alignment
0x5cc31cf5c401: note: pointer points here
 c3 5c 00  00 88 25 50 b4 a4 7f 00  00 a0 32 f5 1c c3 5c 00  00 00 00 00 00 0a 00 00  00 ff 01 00 00
              ^ 
SUMMARY: UndefinedBehaviorSanitizer: undefined-behavior /tmp/ucx-clinic-38becbb6c7/stock-align-src/src/ucp/proto/proto_select.c:894:41 
/tmp/ucx-clinic-38becbb6c7/stock-align-src/src/ucp/proto/proto_select.c:895:27: runtime error: member access within misaligned address 0x5cc31cf5c401 for type 'const ucp_proto_config_t', which requires 8 byte alignment
0x5cc31cf5c401: note: pointer points here
 c3 5c 00  00 88 25 50 b4 a4 7f 00  00 a0 32 f5 1c c3 5c 00  00 00 00 00 00 0a 00 00  00 ff 01 00 00
              ^ 
SUMMARY: UndefinedBehaviorSanitizer: undefined-behavior /tmp/ucx-clinic-38becbb6c7/stock-align-src/src/ucp/proto/proto_select.c:895:27 
/tmp/ucx-clinic-38becbb6c7/stock-align-src/src/ucp/proto/proto_select.c:895:27: runtime error: load of misaligned address 0x5cc31cf5c411 for type 'const ucp_worker_cfg_index_t' (aka 'const unsigned short'), which requires 8 byte alignment
0x5cc31cf5c411: note: pointer points here
 c3 5c 00  00 00 00 00 00 0a 00 00  00 ff 01 00 00 c3 5c 00  00 b0 92 f5 1c c3 5c 00  00 00 00 00 00
              ^ 
SUMMARY: UndefinedBehaviorSanitizer: undefined-behavior /tmp/ucx-clinic-38becbb6c7/stock-align-src/src/ucp/proto/proto_select.c:895:27 
/tmp/ucx-clinic-38becbb6c7/stock-align-src/src/ucp/proto/proto_select.c:900:19: runtime error: member access within misaligned address 0x5cc31cf5c401 for type 'const ucp_proto_config_t', which requires 8 byte alignment
0x5cc31cf5c401: note: pointer points here
 c3 5c 00  00 88 25 50 b4 a4 7f 00  00 a0 32 f5 1c c3 5c 00  00 00 00 00 00 0a 00 00  00 ff 01 00 00
              ^ 
SUMMARY: UndefinedBehaviorSanitizer: undefined-behavior /tmp/ucx-clinic-38becbb6c7/stock-align-src/src/ucp/proto/proto_select.c:900:19 
/tmp/ucx-clinic-38becbb6c7/stock-align-src/src/ucp/proto/proto_select.c:900:19: runtime error: load of misaligned address 0x5cc31cf5c401 for type 'const ucp_proto_t *const' (aka 'const struct ucp_proto *const'), which requires 8 byte alignment
0x5cc31cf5c401: note: pointer points here
 c3 5c 00  00 88 25 50 b4 a4 7f 00  00 a0 32 f5 1c c3 5c 00  00 00 00 00 00 0a 00 00  00 ff 01 00 00
              ^ 
SUMMARY: UndefinedBehaviorSanitizer: undefined-behavior /tmp/ucx-clinic-38becbb6c7/stock-align-src/src/ucp/proto/proto_select.c:900:19 
/tmp/ucx-clinic-38becbb6c7/stock-align-src/src/ucp/rndv/rndv_rtr.c:286:27: runtime error: member access within misaligned address 0x5cc31cf5bfe1 for type 'const ucp_proto_rndv_ctrl_priv_t', which requires 8 byte alignment
0x5cc31cf5bfe1: note: pointer points here
 a4 7f 00  00 00 00 00 00 00 00 00  00 00 00 00 00 00 00 00  00 4f 11 31 b4 a4 7f 00  00 c8 00 00 00
              ^ 
SUMMARY: UndefinedBehaviorSanitizer: undefined-behavior /tmp/ucx-clinic-38becbb6c7/stock-align-src/src/ucp/rndv/rndv_rtr.c:286:27 
/tmp/ucx-clinic-38becbb6c7/stock-align-src/src/ucp/rndv/rndv_rtr.c:286:27: runtime error: load of misaligned address 0x5cc31cf5c3f9 for type 'const ucp_lane_index_t' (aka 'const unsigned char'), which requires 8 byte alignment
0x5cc31cf5c3f9: note: pointer points here
 00 00 00  00 00 00 f3 1c c3 5c 00  00 88 25 50 b4 a4 7f 00  00 a0 32 f5 1c c3 5c 00  00 00 00 00 00
              ^ 
SUMMARY: UndefinedBehaviorSanitizer: undefined-behavior /tmp/ucx-clinic-38becbb6c7/stock-align-src/src/ucp/rndv/rndv_rtr.c:286:27 
/tmp/ucx-clinic-38becbb6c7/stock-align-src/src/ucp/rndv/proto_rndv.c:647:52: runtime error: member access within misaligned address 0x5cc31cf5f57f for type 'const ucp_proto_rndv_ctrl_priv_t', which requires 8 byte alignment
0x5cc31cf5f57f: note: pointer points here
 00 00 00 00 00  00 00 00 00 00 00 00 00  00 00 00 00 00 00 00 3d  61 f5 1c c3 5c 00 00 b4  61 f5 1c
             ^ 
SUMMARY: UndefinedBehaviorSanitizer: undefined-behavior /tmp/ucx-clinic-38becbb6c7/stock-align-src/src/ucp/rndv/proto_rndv.c:647:52 
/tmp/ucx-clinic-38becbb6c7/stock-align-src/src/ucp/rndv/proto_rndv.c:652:28: runtime error: member access within misaligned address 0x5cc31cf5f57f for type 'const ucp_proto_rndv_ctrl_priv_t', which requires 8 byte alignment
0x5cc31cf5f57f: note: pointer points here
 00 00 00 00 00  00 00 00 00 00 00 00 00  00 00 00 00 00 00 00 3d  61 f5 1c c3 5c 00 00 b4  61 f5 1c
             ^ 
SUMMARY: UndefinedBehaviorSanitizer: undefined-behavior /tmp/ucx-clinic-38becbb6c7/stock-align-src/src/ucp/rndv/proto_rndv.c:652:28 
/tmp/ucx-clinic-38becbb6c7/stock-align-src/src/ucp/rndv/proto_rndv.c:652:28: runtime error: load of misaligned address 0x5cc31cf5f997 for type 'const ucp_lane_index_t' (aka 'const unsigned char'), which requires 8 byte alignment
0x5cc31cf5f997: note: pointer points here
 00 00 00 00 00  00 00 00 00 00 00 00 d0  95 52 b4 a4 7f 00 00 41  bb f5 1c c3 5c 00 00 00  00 ff ff
             ^ 
SUMMARY: UndefinedBehaviorSanitizer: undefined-behavior /tmp/ucx-clinic-38becbb6c7/stock-align-src/src/ucp/rndv/proto_rndv.c:652:28 
#
# UCP endpoint 
#
#               peer: <no debug data>
#                 lane[0]:  1:tcp/lo.0 md[1]                -> md[1]/tcp/sysdev[255] seg 4294967295 am keepalive wireup
#
# +--------------+--------------------------------------------+--------+
# | ucp_context_0 intra-node cfg#0                                     |
# | tagged message by ucp_tag_send*(fast-completion) from host memory  |
# +--------------+--------------------------------------------+--------+
# |    Range     |                Description                 | Config |
# +--------------+--------------------------------------------+--------+
# |      0..8184 | eager short                                | tcp/lo |
# | 8185..262143 | multi-frag eager copy-in copy-out          | tcp/lo |
# |    256K..inf | (?) rendezvous fragmented copy-in copy-out | tcp/lo |
# +--------------+--------------------------------------------+--------+
# +-----------+--------------------------------------------+--------+
# | ucp_context_0 intra-node cfg#0                                  |
# | tagged message by ucp_tag_send*(multi) from host memory         |
# +-----------+--------------------------------------------+--------+
# |   Range   |                Description                 | Config |
# +-----------+--------------------------------------------+--------+
# |    0..626 | eager short                                | tcp/lo |
# | 627..1862 | multi-frag eager copy-in copy-out          | tcp/lo |
# | 1863..inf | (?) rendezvous fragmented copy-in copy-out | tcp/lo |
# +-----------+--------------------------------------------+--------+
# +---------------+--------------------------------------------+--------+
# | ucp_context_0 intra-node cfg#0                                      |
# | tagged message by ucp_tag_send* from host memory                    |
# +---------------+--------------------------------------------+--------+
# |     Range     |                Description                 | Config |
# +---------------+--------------------------------------------+--------+
# |             0 | eager short                                | tcp/lo |
# |      1..16483 | eager zero-copy copy-out                   | tcp/lo |
# | 16484..273826 | multi-frag eager copy-in copy-out          | tcp/lo |
# |   273827..inf | (?) rendezvous fragmented copy-in copy-out | tcp/lo |
# +---------------+--------------------------------------------+--------+
/tmp/ucx-clinic-38becbb6c7/stock-align-src/src/ucs/datastruct/mpool.c:254:12: runtime error: member access within misaligned address 0x5cc31cf99bb4 for type 'ucs_mpool_chunk_t' (aka 'struct ucs_mpool_chunk'), which requires 8 byte alignment
0x5cc31cf99bb4: note: pointer points here
  00 00 00 00 00 00 00 00  00 00 00 00 00 00 00 00  00 00 00 00 00 00 00 00  00 00 00 00 00 00 00 00
              ^ 
SUMMARY: UndefinedBehaviorSanitizer: undefined-behavior /tmp/ucx-clinic-38becbb6c7/stock-align-src/src/ucs/datastruct/mpool.c:254:12 
/tmp/ucx-clinic-38becbb6c7/stock-align-src/src/ucs/datastruct/mpool.c:254:12: runtime error: store to misaligned address 0x5cc31cf99bbc for type 'void *', which requires 8 byte alignment
0x5cc31cf99bbc: note: pointer points here
  00 00 00 00 00 00 00 00  00 00 00 00 00 00 00 00  00 00 00 00 00 00 00 00  00 00 00 00 00 00 00 00
              ^ 
SUMMARY: UndefinedBehaviorSanitizer: undefined-behavior /tmp/ucx-clinic-38becbb6c7/stock-align-src/src/ucs/datastruct/mpool.c:254:12 
/tmp/ucx-clinic-38becbb6c7/stock-align-src/src/ucs/datastruct/mpool.c:255:12: runtime error: member access within misaligned address 0x5cc31cf99bb4 for type 'ucs_mpool_chunk_t' (aka 'struct ucs_mpool_chunk'), which requires 8 byte alignment
0x5cc31cf99bb4: note: pointer points here
  00 00 00 00 00 00 00 00  00 00 00 00 f8 9b f9 1c  c3 5c 00 00 00 00 00 00  00 00 00 00 00 00 00 00
              ^ 
SUMMARY: UndefinedBehaviorSanitizer: undefined-behavior /tmp/ucx-clinic-38becbb6c7/stock-align-src/src/ucs/datastruct/mpool.c:255:12 
/tmp/ucx-clinic-38becbb6c7/stock-align-src/src/ucs/datastruct/mpool.c:255:12: runtime error: store to misaligned address 0x5cc31cf99bc4 for type 'unsigned int', which requires 8 byte alignment
0x5cc31cf99bc4: note: pointer points here
  c3 5c 00 00 00 00 00 00  00 00 00 00 00 00 00 00  00 00 00 00 00 00 00 00  00 00 00 00 00 00 00 00
              ^ 
SUMMARY: UndefinedBehaviorSanitizer: undefined-behavior /tmp/ucx-clinic-38becbb6c7/stock-align-src/src/ucs/datastruct/mpool.c:255:12 
/tmp/ucx-clinic-38becbb6c7/stock-align-src/src/ucs/datastruct/mpool.c:262:28: runtime error: member access within misaligned address 0x5cc31cf99bb4 for type 'ucs_mpool_chunk_t' (aka 'struct ucs_mpool_chunk'), which requires 8 byte alignment
0x5cc31cf99bb4: note: pointer points here
  00 00 00 00 00 00 00 00  00 00 00 00 f8 9b f9 1c  c3 5c 00 00 80 00 00 00  00 00 00 00 00 00 00 00
              ^ 
SUMMARY: UndefinedBehaviorSanitizer: undefined-behavior /tmp/ucx-clinic-38becbb6c7/stock-align-src/src/ucs/datastruct/mpool.c:262:28 
/tmp/ucx-clinic-38becbb6c7/stock-align-src/src/ucs/datastruct/mpool.c:262:28: runtime error: load of misaligned address 0x5cc31cf99bc4 for type 'unsigned int', which requires 8 byte alignment
0x5cc31cf99bc4: note: pointer points here
  c3 5c 00 00 80 00 00 00  00 00 00 00 00 00 00 00  00 00 00 00 00 00 00 00  00 00 00 00 00 00 00 00
              ^ 
SUMMARY: UndefinedBehaviorSanitizer: undefined-behavior /tmp/ucx-clinic-38becbb6c7/stock-align-src/src/ucs/datastruct/mpool.c:262:28 
/tmp/ucx-clinic-38becbb6c7/stock-align-src/src/ucs/datastruct/mpool.c:263:46: runtime error: member access within misaligned address 0x5cc31cf99bb4 for type 'ucs_mpool_chunk_t' (aka 'struct ucs_mpool_chunk'), which requires 8 byte alignment
0x5cc31cf99bb4: note: pointer points here
  00 00 00 00 00 00 00 00  00 00 00 00 f8 9b f9 1c  c3 5c 00 00 80 00 00 00  00 00 00 00 00 00 00 00
              ^ 
SUMMARY: UndefinedBehaviorSanitizer: undefined-behavior /tmp/ucx-clinic-38becbb6c7/stock-align-src/src/ucs/datastruct/mpool.c:263:46 
/tmp/ucx-clinic-38becbb6c7/stock-align-src/src/ucs/datastruct/mpool.c:263:46: runtime error: load of misaligned address 0x5cc31cf99bbc for type 'void *', which requires 8 byte alignment
0x5cc31cf99bbc: note: pointer points here
  00 00 00 00 f8 9b f9 1c  c3 5c 00 00 80 00 00 00  00 00 00 00 00 00 00 00  00 00 00 00 00 00 00 00
              ^ 
SUMMARY: UndefinedBehaviorSanitizer: undefined-behavior /tmp/ucx-clinic-38becbb6c7/stock-align-src/src/ucs/datastruct/mpool.c:263:46 
/tmp/ucx-clinic-38becbb6c7/stock-align-src/src/ucs/datastruct/mpool.c:270:12: runtime error: member access within misaligned address 0x5cc31cf99bb4 for type 'ucs_mpool_chunk_t' (aka 'struct ucs_mpool_chunk'), which requires 8 byte alignment
0x5cc31cf99bb4: note: pointer points here
  00 00 00 00 00 00 00 00  00 00 00 00 f8 9b f9 1c  c3 5c 00 00 80 00 00 00  00 00 00 00 00 00 00 00
              ^ 
SUMMARY: UndefinedBehaviorSanitizer: undefined-behavior /tmp/ucx-clinic-38becbb6c7/stock-align-src/src/ucs/datastruct/mpool.c:270:12 
/tmp/ucx-clinic-38becbb6c7/stock-align-src/src/ucs/datastruct/mpool.c:270:12: runtime error: store to misaligned address 0x5cc31cf99bb4 for type 'ucs_mpool_chunk_t *' (aka 'struct ucs_mpool_chunk *'), which requires 8 byte alignment
0x5cc31cf99bb4: note: pointer points here
  00 00 00 00 00 00 00 00  00 00 00 00 f8 9b f9 1c  c3 5c 00 00 80 00 00 00  00 00 00 00 00 00 00 00
              ^ 
SUMMARY: UndefinedBehaviorSanitizer: undefined-behavior /tmp/ucx-clinic-38becbb6c7/stock-align-src/src/ucs/datastruct/mpool.c:270:12 
/tmp/ucx-clinic-38becbb6c7/stock-align-src/src/ucs/datastruct/mpool.c:296:29: runtime error: member access within misaligned address 0x5cc31cf99bb4 for type 'ucs_mpool_chunk_t' (aka 'struct ucs_mpool_chunk'), which requires 8 byte alignment
0x5cc31cf99bb4: note: pointer points here
  00 00 00 00 00 00 00 00  00 00 00 00 f8 9b f9 1c  c3 5c 00 00 80 00 00 00  00 00 00 00 00 00 00 00
              ^ 
SUMMARY: UndefinedBehaviorSanitizer: undefined-behavior /tmp/ucx-clinic-38becbb6c7/stock-align-src/src/ucs/datastruct/mpool.c:296:29 
/tmp/ucx-clinic-38becbb6c7/stock-align-src/src/ucs/datastruct/mpool.c:296:29: runtime error: load of misaligned address 0x5cc31cf99bc4 for type 'unsigned int', which requires 8 byte alignment
0x5cc31cf99bc4: note: pointer points here
  c3 5c 00 00 80 00 00 00  00 00 00 00 00 00 00 00  00 00 00 00 00 00 00 00  00 00 00 00 00 00 00 00
              ^ 
SUMMARY: UndefinedBehaviorSanitizer: undefined-behavior /tmp/ucx-clinic-38becbb6c7/stock-align-src/src/ucs/datastruct/mpool.c:296:29 
{"event":"request_owned","rank":1,"time_ns":35635178454361,"status":"Operation in progress"}
/tmp/ucx-clinic-38becbb6c7/stock-align-src/src/uct/tcp/tcp_cm.c:704:16: runtime error: load of misaligned address 0x7fa4b22c2205 for type 'uct_tcp_cm_conn_event_t' (aka 'enum uct_tcp_cm_conn_event'), which requires 4 byte alignment
0x7fa4b22c2205: note: pointer points here
 1d 00 00 00 01 00 00  00 00 00 00 00 00 00 00  00 00 02 00 cf cd 7f 00  00 01 00 00 00 00 00 00  00
             ^ 
SUMMARY: UndefinedBehaviorSanitizer: undefined-behavior /tmp/ucx-clinic-38becbb6c7/stock-align-src/src/uct/tcp/tcp_cm.c:704:16 
/tmp/ucx-clinic-38becbb6c7/stock-align-src/src/uct/tcp/tcp_cm.c:242:9: runtime error: store to misaligned address 0x7ffd7f810ec5 for type 'uct_tcp_cm_conn_event_t' (aka 'enum uct_tcp_cm_conn_event'), which requires 4 byte alignment
0x7ffd7f810ec5: note: pointer points here
 04 00 00 00 7f 00 00  84 5a 9f b3 a4 7f 00 00  c0 08 00 ac a4 7f 00 00  d0 08 00 ac 00 00 00 00  ca
             ^ 
SUMMARY: UndefinedBehaviorSanitizer: undefined-behavior /tmp/ucx-clinic-38becbb6c7/stock-align-src/src/uct/tcp/tcp_cm.c:242:9 
{"event":"request_complete","rank":1,"time_ns":35635179471077,"status":"Success"}
{"event":"request_freed","rank":1,"time_ns":35635179479824,"status":"Success"}
{"event":"request_owned","rank":1,"time_ns":35635179686183,"status":"Operation in progress"}
{"event":"request_complete","rank":1,"time_ns":35635179772393,"status":"Success"}
{"event":"request_freed","rank":1,"time_ns":35635179774594,"status":"Success"}
{"event":"request_owned","rank":1,"time_ns":35635179944411,"status":"Operation in progress"}
{"event":"request_complete","rank":1,"time_ns":35635180028684,"status":"Success"}
{"event":"request_freed","rank":1,"time_ns":35635180032458,"status":"Success"}
{"event":"request_owned","rank":1,"time_ns":35635180204154,"status":"Operation in progress"}
{"event":"request_complete","rank":1,"time_ns":35635180278408,"status":"Success"}
{"event":"request_freed","rank":1,"time_ns":35635180279978,"status":"Success"}
{"event":"request_owned","rank":1,"time_ns":35635180445318,"status":"Operation in progress"}
{"event":"request_complete","rank":1,"time_ns":35635180522931,"status":"Success"}
{"event":"request_freed","rank":1,"time_ns":35635180525327,"status":"Success"}
{"event":"request_owned","rank":1,"time_ns":35635180690059,"status":"Operation in progress"}
{"event":"request_complete","rank":1,"time_ns":35635180762385,"status":"Success"}
{"event":"request_freed","rank":1,"time_ns":35635180763880,"status":"Success"}
{"event":"request_owned","rank":1,"time_ns":35635180927178,"status":"Operation in progress"}
{"event":"request_complete","rank":1,"time_ns":35635181009540,"status":"Success"}
{"event":"request_freed","rank":1,"time_ns":35635181013283,"status":"Success"}
{"event":"request_owned","rank":1,"time_ns":35635181177691,"status":"Operation in progress"}
{"event":"request_complete","rank":1,"time_ns":35635181249338,"status":"Success"}
{"event":"request_freed","rank":1,"time_ns":35635181250837,"status":"Success"}
{"event":"request_owned","rank":1,"time_ns":35635181414455,"status":"Operation in progress"}
{"event":"request_complete","rank":1,"time_ns":35635181492059,"status":"Success"}
{"event":"request_freed","rank":1,"time_ns":35635181493571,"status":"Success"}
{"event":"request_owned","rank":1,"time_ns":35635181656545,"status":"Operation in progress"}
{"event":"request_complete","rank":1,"time_ns":35635181728192,"status":"Success"}
{"event":"request_freed","rank":1,"time_ns":35635181729703,"status":"Success"}
{"event":"request_owned","rank":1,"time_ns":35635181896936,"status":"Operation in progress"}
{"event":"request_complete","rank":1,"time_ns":35635181967886,"status":"Success"}
{"event":"request_freed","rank":1,"time_ns":35635181969456,"status":"Success"}
{"event":"request_owned","rank":1,"time_ns":35635182137341,"status":"Operation in progress"}
{"event":"request_complete","rank":1,"time_ns":35635182218960,"status":"Success"}
{"event":"request_freed","rank":1,"time_ns":35635182220472,"status":"Success"}
{"event":"request_owned","rank":1,"time_ns":35635182386583,"status":"Operation in progress"}
{"event":"request_complete","rank":1,"time_ns":35635182462193,"status":"Success"}
{"event":"request_freed","rank":1,"time_ns":35635182463930,"status":"Success"}
{"event":"request_owned","rank":1,"time_ns":35635182635571,"status":"Operation in progress"}
{"event":"request_complete","rank":1,"time_ns":35635182725428,"status":"Success"}
{"event":"request_freed","rank":1,"time_ns":35635182727037,"status":"Success"}
{"event":"request_owned","rank":1,"time_ns":35635182899343,"status":"Operation in progress"}
{"event":"request_complete","rank":1,"time_ns":35635182977715,"status":"Success"}
{"event":"request_freed","rank":1,"time_ns":35635182979349,"status":"Success"}
{"event":"request_owned","rank":1,"time_ns":35635183156792,"status":"Operation in progress"}
{"event":"request_complete","rank":1,"time_ns":35635183375361,"status":"Success"}
{"event":"request_freed","rank":1,"time_ns":35635183377256,"status":"Success"}
{"event":"request_owned","rank":1,"time_ns":35635183551071,"status":"Operation in progress"}
{"event":"request_complete","rank":1,"time_ns":35635183628711,"status":"Success"}
{"event":"request_freed","rank":1,"time_ns":35635183630517,"status":"Success"}
{"event":"request_owned","rank":1,"time_ns":35635183802418,"status":"Operation in progress"}
{"event":"request_complete","rank":1,"time_ns":35635183881432,"status":"Success"}
{"event":"request_freed","rank":1,"time_ns":35635183883107,"status":"Success"}
{"event":"request_owned","rank":1,"time_ns":35635184102546,"status":"Operation in progress"}
{"event":"request_complete","rank":1,"time_ns":35635184189763,"status":"Success"}
{"event":"request_freed","rank":1,"time_ns":35635184192011,"status":"Success"}
{"event":"request_owned","rank":1,"time_ns":35635184366287,"status":"Operation in progress"}
{"event":"request_complete","rank":1,"time_ns":35635184444018,"status":"Success"}
{"event":"request_freed","rank":1,"time_ns":35635184445673,"status":"Success"}
{"event":"request_owned","rank":1,"time_ns":35635184618987,"status":"Operation in progress"}
{"event":"request_complete","rank":1,"time_ns":35635184695889,"status":"Success"}
{"event":"request_freed","rank":1,"time_ns":35635184697871,"status":"Success"}
{"event":"request_owned","rank":1,"time_ns":35635184870439,"status":"Operation in progress"}
{"event":"request_complete","rank":1,"time_ns":35635184952047,"status":"Success"}
{"event":"request_freed","rank":1,"time_ns":35635184953697,"status":"Success"}
{"event":"request_owned","rank":1,"time_ns":35635185136278,"status":"Operation in progress"}
{"event":"request_complete","rank":1,"time_ns":35635185221659,"status":"Success"}
{"event":"request_freed","rank":1,"time_ns":35635185223350,"status":"Success"}
{"event":"request_owned","rank":1,"time_ns":35635185397363,"status":"Operation in progress"}
{"event":"request_complete","rank":1,"time_ns":35635185480445,"status":"Success"}
{"event":"request_freed","rank":1,"time_ns":35635185482111,"status":"Success"}
{"event":"request_owned","rank":1,"time_ns":35635185654677,"status":"Operation in progress"}
{"event":"request_complete","rank":1,"time_ns":35635185731305,"status":"Success"}
{"event":"request_freed","rank":1,"time_ns":35635185732927,"status":"Success"}
/tmp/ucx-clinic-38becbb6c7/stock-align-src/src/ucs/datastruct/mpool.c:30:28: runtime error: member access within misaligned address 0x5cc31cf99bb4 for type 'ucs_mpool_chunk_t' (aka 'struct ucs_mpool_chunk'), which requires 8 byte alignment
0x5cc31cf99bb4: note: pointer points here
  00 00 00 00 00 00 00 00  00 00 00 00 f8 9b f9 1c  c3 5c 00 00 80 00 00 00  00 00 00 00 00 00 00 00
              ^ 
SUMMARY: UndefinedBehaviorSanitizer: undefined-behavior /tmp/ucx-clinic-38becbb6c7/stock-align-src/src/ucs/datastruct/mpool.c:30:28 
/tmp/ucx-clinic-38becbb6c7/stock-align-src/src/ucs/datastruct/mpool.c:30:28: runtime error: load of misaligned address 0x5cc31cf99bc4 for type 'unsigned int', which requires 8 byte alignment
0x5cc31cf99bc4: note: pointer points here
  c3 5c 00 00 80 00 00 00  00 00 00 00 00 00 00 00  00 00 00 00 00 00 00 00  00 00 00 00 00 00 00 00
              ^ 
SUMMARY: UndefinedBehaviorSanitizer: undefined-behavior /tmp/ucx-clinic-38becbb6c7/stock-align-src/src/ucs/datastruct/mpool.c:30:28 
/tmp/ucx-clinic-38becbb6c7/stock-align-src/src/ucs/datastruct/mpool.c:31:47: runtime error: member access within misaligned address 0x5cc31cf99bb4 for type 'ucs_mpool_chunk_t' (aka 'struct ucs_mpool_chunk'), which requires 8 byte alignment
0x5cc31cf99bb4: note: pointer points here
  00 00 00 00 00 00 00 00  00 00 00 00 f8 9b f9 1c  c3 5c 00 00 80 00 00 00  00 00 00 00 00 00 00 00
              ^ 
SUMMARY: UndefinedBehaviorSanitizer: undefined-behavior /tmp/ucx-clinic-38becbb6c7/stock-align-src/src/ucs/datastruct/mpool.c:31:47 
/tmp/ucx-clinic-38becbb6c7/stock-align-src/src/ucs/datastruct/mpool.c:31:47: runtime error: load of misaligned address 0x5cc31cf99bbc for type 'void *', which requires 8 byte alignment
0x5cc31cf99bbc: note: pointer points here
  00 00 00 00 f8 9b f9 1c  c3 5c 00 00 80 00 00 00  00 00 00 00 00 00 00 00  00 00 00 00 00 00 00 00
              ^ 
SUMMARY: UndefinedBehaviorSanitizer: undefined-behavior /tmp/ucx-clinic-38becbb6c7/stock-align-src/src/ucs/datastruct/mpool.c:31:47 
/tmp/ucx-clinic-38becbb6c7/stock-align-src/src/ucs/datastruct/mpool.c:162:66: runtime error: member access within misaligned address 0x5cc31cf99bb4 for type 'ucs_mpool_chunk_t' (aka 'struct ucs_mpool_chunk'), which requires 8 byte alignment
0x5cc31cf99bb4: note: pointer points here
  00 00 00 00 00 00 00 00  00 00 00 00 f8 9b f9 1c  c3 5c 00 00 80 00 00 00  00 00 00 00 00 00 00 00
              ^ 
SUMMARY: UndefinedBehaviorSanitizer: undefined-behavior /tmp/ucx-clinic-38becbb6c7/stock-align-src/src/ucs/datastruct/mpool.c:162:66 
/tmp/ucx-clinic-38becbb6c7/stock-align-src/src/ucs/datastruct/mpool.c:162:66: runtime error: load of misaligned address 0x5cc31cf99bb4 for type 'ucs_mpool_chunk_t *' (aka 'struct ucs_mpool_chunk *'), which requires 8 byte alignment
0x5cc31cf99bb4: note: pointer points here
  00 00 00 00 00 00 00 00  00 00 00 00 f8 9b f9 1c  c3 5c 00 00 80 00 00 00  00 00 00 00 00 00 00 00
              ^ 
SUMMARY: UndefinedBehaviorSanitizer: undefined-behavior /tmp/ucx-clinic-38becbb6c7/stock-align-src/src/ucs/datastruct/mpool.c:162:66 
/tmp/ucx-clinic-38becbb6c7/stock-align-src/src/ucs/datastruct/mpool.c:176:29: runtime error: member access within misaligned address 0x5cc31cf99bb4 for type 'ucs_mpool_chunk_t' (aka 'struct ucs_mpool_chunk'), which requires 8 byte alignment
0x5cc31cf99bb4: note: pointer points here
  00 00 00 00 00 00 00 00  00 00 00 00 f8 9b f9 1c  c3 5c 00 00 80 00 00 00  00 00 00 00 00 00 00 00
              ^ 
SUMMARY: UndefinedBehaviorSanitizer: undefined-behavior /tmp/ucx-clinic-38becbb6c7/stock-align-src/src/ucs/datastruct/mpool.c:176:29 
/tmp/ucx-clinic-38becbb6c7/stock-align-src/src/ucs/datastruct/mpool.c:176:29: runtime error: load of misaligned address 0x5cc31cf99bb4 for type 'ucs_mpool_chunk_t *' (aka 'struct ucs_mpool_chunk *'), which requires 8 byte alignment
0x5cc31cf99bb4: note: pointer points here
  00 00 00 00 00 00 00 00  00 00 00 00 f8 9b f9 1c  c3 5c 00 00 80 00 00 00  00 00 00 00 00 00 00 00
              ^ 
SUMMARY: UndefinedBehaviorSanitizer: undefined-behavior /tmp/ucx-clinic-38becbb6c7/stock-align-src/src/ucs/datastruct/mpool.c:176:29 
