/tmp/ucx-clinic-38becbb6c7/stock-align-src/src/ucp/wireup/address.c:1241:9: runtime error: store to misaligned address 0x55a6af5b92a1 for type 'uint64_t' (aka 'unsigned long'), which requires 8 byte alignment
0x55a6af5b92a1: note: pointer points here
 00 00 00  00 00 00 00 00 00 00 00  00 00 00 00 00 00 00 00  00 00 00 00 00 00 00 00  00 00 00 00 00
              ^ 
SUMMARY: UndefinedBehaviorSanitizer: undefined-behavior /tmp/ucx-clinic-38becbb6c7/stock-align-src/src/ucp/wireup/address.c:1241:9 
/tmp/ucx-clinic-38becbb6c7/stock-align-src/src/ucp/wireup/address.c:1336:13: runtime error: store to misaligned address 0x55a6af5b92ab for type 'uint16_t' (aka 'unsigned short'), which requires 2 byte alignment
0x55a6af5b92ab: note: pointer points here
 0b  d7 00 00 00 00 00 00 00  00 00 00 00 00 00 00 00  00 00 00 00 00 00 00 00  00 00 00 00 00 00 00
              ^ 
SUMMARY: UndefinedBehaviorSanitizer: undefined-behavior /tmp/ucx-clinic-38becbb6c7/stock-align-src/src/ucp/wireup/address.c:1336:13 
/tmp/ucx-clinic-38becbb6c7/stock-align-src/src/uct/sm/self/self.c:140:5: runtime error: store to misaligned address 0x55a6af5b92be for type 'uct_self_iface_addr_t' (aka 'unsigned long'), which requires 8 byte alignment
0x55a6af5b92be: note: pointer points here
 4f 03 00 08 00 00  00 00 00 00 00 00 00 00  00 00 00 00 00 00 00 00  00 00 00 00 00 00 00 00  00 00
             ^ 
SUMMARY: UndefinedBehaviorSanitizer: undefined-behavior /tmp/ucx-clinic-38becbb6c7/stock-align-src/src/uct/sm/self/self.c:140:5 
/tmp/ucx-clinic-38becbb6c7/stock-align-src/src/ucp/wireup/address.c:1167:12: runtime error: load of misaligned address 0x55a6af5b9301 for type 'uint64_t' (aka 'unsigned long'), which requires 8 byte alignment
0x55a6af5b9301: note: pointer points here
 00 00 00  20 bc 15 94 e1 74 ff 0d  46 00 00 63 75 77 cc 2b  32 00 40 97 50 00 00 00  00 00 4f 03 00
              ^ 
SUMMARY: UndefinedBehaviorSanitizer: undefined-behavior /tmp/ucx-clinic-38becbb6c7/stock-align-src/src/ucp/wireup/address.c:1167:12 
/tmp/ucx-clinic-38becbb6c7/stock-align-src/src/ucp/wireup/address.c:1792:37: runtime error: load of misaligned address 0x55a6af5b930b for type 'uint16_t' (aka 'unsigned short'), which requires 2 byte alignment
0x55a6af5b930b: note: pointer points here
 0d  46 00 00 63 75 77 cc 2b  32 00 40 97 50 00 00 00  00 00 4f 03 00 88 7a 57  bd f7 86 b2 5e 38 01
              ^ 
SUMMARY: UndefinedBehaviorSanitizer: undefined-behavior /tmp/ucx-clinic-38becbb6c7/stock-align-src/src/ucp/wireup/address.c:1792:37 
/tmp/ucx-clinic-38becbb6c7/stock-align-src/src/uct/sm/self/self.c:162:22: runtime error: load of misaligned address 0x55a6af5b931e for type 'const uct_self_iface_addr_t' (aka 'const unsigned long'), which requires 8 byte alignment
0x55a6af5b931e: note: pointer points here
 4f 03 00 88 7a 57  bd f7 86 b2 5e 38 01 0e  01 02 91 51 b9 4b ec 5f  74 d7 f9 ff ff ef cf 19  17 b7
             ^ 
SUMMARY: UndefinedBehaviorSanitizer: undefined-behavior /tmp/ucx-clinic-38becbb6c7/stock-align-src/src/uct/sm/self/self.c:162:22 
/tmp/ucx-clinic-38becbb6c7/stock-align-src/src/ucp/rndv/rndv_rtr.c:283:52: runtime error: member access within misaligned address 0x55a6af5de3c1 for type 'const ucp_proto_rndv_ctrl_priv_t', which requires 8 byte alignment
0x55a6af5de3c1: note: pointer points here
 2a 75 00  00 00 00 00 00 00 00 00  00 00 00 00 00 00 00 00  00 4f 11 3b 33 2a 75 00  00 c8 00 00 00
              ^ 
SUMMARY: UndefinedBehaviorSanitizer: undefined-behavior /tmp/ucx-clinic-38becbb6c7/stock-align-src/src/ucp/rndv/rndv_rtr.c:283:52 
/tmp/ucx-clinic-38becbb6c7/stock-align-src/src/ucp/proto/proto_select.c:891:40: runtime error: member access within misaligned address 0x55a6af5de7e1 for type 'const ucp_proto_config_t', which requires 8 byte alignment
0x55a6af5de7e1: note: pointer points here
 a6 55 00  00 88 25 5a 33 2a 75 00  00 90 aa 5d af a6 55 00  00 00 00 00 00 0a 00 00  00 ff 01 00 00
              ^ 
SUMMARY: UndefinedBehaviorSanitizer: undefined-behavior /tmp/ucx-clinic-38becbb6c7/stock-align-src/src/ucp/proto/proto_select.c:891:40 
/tmp/ucx-clinic-38becbb6c7/stock-align-src/src/ucp/proto/proto_select.c:891:40: runtime error: load of misaligned address 0x55a6af5de7e1 for type 'const ucp_proto_t *const' (aka 'const struct ucp_proto *const'), which requires 8 byte alignment
0x55a6af5de7e1: note: pointer points here
 a6 55 00  00 88 25 5a 33 2a 75 00  00 90 aa 5d af a6 55 00  00 00 00 00 00 0a 00 00  00 ff 01 00 00
              ^ 
SUMMARY: UndefinedBehaviorSanitizer: undefined-behavior /tmp/ucx-clinic-38becbb6c7/stock-align-src/src/ucp/proto/proto_select.c:891:40 
/tmp/ucx-clinic-38becbb6c7/stock-align-src/src/ucp/proto/proto_select.c:892:40: runtime error: member access within misaligned address 0x55a6af5de7e1 for type 'const ucp_proto_config_t', which requires 8 byte alignment
0x55a6af5de7e1: note: pointer points here
 a6 55 00  00 88 25 5a 33 2a 75 00  00 90 aa 5d af a6 55 00  00 00 00 00 00 0a 00 00  00 ff 01 00 00
              ^ 
SUMMARY: UndefinedBehaviorSanitizer: undefined-behavior /tmp/ucx-clinic-38becbb6c7/stock-align-src/src/ucp/proto/proto_select.c:892:40 
/tmp/ucx-clinic-38becbb6c7/stock-align-src/src/ucp/proto/proto_select.c:892:40: runtime error: load of misaligned address 0x55a6af5de7e9 for type 'const void *const', which requires 8 byte alignment
0x55a6af5de7e9: note: pointer points here
 2a 75 00  00 90 aa 5d af a6 55 00  00 00 00 00 00 0a 00 00  00 ff 01 00 00 a6 55 00  00 c0 92 5d af
              ^ 
SUMMARY: UndefinedBehaviorSanitizer: undefined-behavior /tmp/ucx-clinic-38becbb6c7/stock-align-src/src/ucp/proto/proto_select.c:892:40 
/tmp/ucx-clinic-38becbb6c7/stock-align-src/src/ucp/proto/proto_select.c:894:41: runtime error: member access within misaligned address 0x55a6af5de7e1 for type 'const ucp_proto_config_t', which requires 8 byte alignment
0x55a6af5de7e1: note: pointer points here
 a6 55 00  00 88 25 5a 33 2a 75 00  00 90 aa 5d af a6 55 00  00 00 00 00 00 0a 00 00  00 ff 01 00 00
              ^ 
SUMMARY: UndefinedBehaviorSanitizer: undefined-behavior /tmp/ucx-clinic-38becbb6c7/stock-align-src/src/ucp/proto/proto_select.c:894:41 
/tmp/ucx-clinic-38becbb6c7/stock-align-src/src/ucp/proto/proto_select.c:895:27: runtime error: member access within misaligned address 0x55a6af5de7e1 for type 'const ucp_proto_config_t', which requires 8 byte alignment
0x55a6af5de7e1: note: pointer points here
 a6 55 00  00 88 25 5a 33 2a 75 00  00 90 aa 5d af a6 55 00  00 00 00 00 00 0a 00 00  00 ff 01 00 00
              ^ 
SUMMARY: UndefinedBehaviorSanitizer: undefined-behavior /tmp/ucx-clinic-38becbb6c7/stock-align-src/src/ucp/proto/proto_select.c:895:27 
/tmp/ucx-clinic-38becbb6c7/stock-align-src/src/ucp/proto/proto_select.c:895:27: runtime error: load of misaligned address 0x55a6af5de7f1 for type 'const ucp_worker_cfg_index_t' (aka 'const unsigned short'), which requires 8 byte alignment
0x55a6af5de7f1: note: pointer points here
 a6 55 00  00 00 00 00 00 0a 00 00  00 ff 01 00 00 a6 55 00  00 c0 92 5d af a6 55 00  00 00 00 00 00
              ^ 
SUMMARY: UndefinedBehaviorSanitizer: undefined-behavior /tmp/ucx-clinic-38becbb6c7/stock-align-src/src/ucp/proto/proto_select.c:895:27 
/tmp/ucx-clinic-38becbb6c7/stock-align-src/src/ucp/proto/proto_select.c:900:19: runtime error: member access within misaligned address 0x55a6af5de7e1 for type 'const ucp_proto_config_t', which requires 8 byte alignment
0x55a6af5de7e1: note: pointer points here
 a6 55 00  00 88 25 5a 33 2a 75 00  00 90 aa 5d af a6 55 00  00 00 00 00 00 0a 00 00  00 ff 01 00 00
              ^ 
SUMMARY: UndefinedBehaviorSanitizer: undefined-behavior /tmp/ucx-clinic-38becbb6c7/stock-align-src/src/ucp/proto/proto_select.c:900:19 
/tmp/ucx-clinic-38becbb6c7/stock-align-src/src/ucp/proto/proto_select.c:900:19: runtime error: load of misaligned address 0x55a6af5de7e1 for type 'const ucp_proto_t *const' (aka 'const struct ucp_proto *const'), which requires 8 byte alignment
0x55a6af5de7e1: note: pointer points here
 a6 55 00  00 88 25 5a 33 2a 75 00  00 90 aa 5d af a6 55 00  00 00 00 00 00 0a 00 00  00 ff 01 00 00
              ^ 
SUMMARY: UndefinedBehaviorSanitizer: undefined-behavior /tmp/ucx-clinic-38becbb6c7/stock-align-src/src/ucp/proto/proto_select.c:900:19 
/tmp/ucx-clinic-38becbb6c7/stock-align-src/src/ucp/rndv/rndv_rtr.c:286:27: runtime error: member access within misaligned address 0x55a6af5de3c1 for type 'const ucp_proto_rndv_ctrl_priv_t', which requires 8 byte alignment
0x55a6af5de3c1: note: pointer points here
 2a 75 00  00 00 00 00 00 00 00 00  00 00 00 00 00 00 00 00  00 4f 11 3b 33 2a 75 00  00 c8 00 00 00
              ^ 
SUMMARY: UndefinedBehaviorSanitizer: undefined-behavior /tmp/ucx-clinic-38becbb6c7/stock-align-src/src/ucp/rndv/rndv_rtr.c:286:27 
/tmp/ucx-clinic-38becbb6c7/stock-align-src/src/ucp/rndv/rndv_rtr.c:286:27: runtime error: load of misaligned address 0x55a6af5de7d9 for type 'const ucp_lane_index_t' (aka 'const unsigned char'), which requires 8 byte alignment
0x55a6af5de7d9: note: pointer points here
 00 00 00  00 00 00 5b af a6 55 00  00 88 25 5a 33 2a 75 00  00 90 aa 5d af a6 55 00  00 00 00 00 00
              ^ 
SUMMARY: UndefinedBehaviorSanitizer: undefined-behavior /tmp/ucx-clinic-38becbb6c7/stock-align-src/src/ucp/rndv/rndv_rtr.c:286:27 
#
# UCP endpoint 
#
#               peer: <no debug data>
#                 lane[0]:  1:tcp/lo.0 md[1]                -> md[1]/tcp/sysdev[255] seg 4294967295 rma_bw#0 am keepalive wireup
#
# +-----------+-----------------------------------+-------------------+
# | ucp_context_0 intra-node cfg#0                                    |
# | tagged message by ucp_tag_send*(fast-completion) from host memory |
# +-----------+-----------------------------------+-------------------+
# |   Range   |            Description            |      Config       |
# +-----------+-----------------------------------+-------------------+
# |   0..8184 | eager short                       | tcp/lo            |
# | 8185..inf | multi-frag eager copy-in copy-out | tcp/lo            |
# +-----------+-----------------------------------+-------------------+
# +----------+-----------------------------------+----------+
# | ucp_context_0 intra-node cfg#0                          |
# | tagged message by ucp_tag_send*(multi) from host memory |
# +----------+-----------------------------------+----------+
# |  Range   |            Description            |  Config  |
# +----------+-----------------------------------+----------+
# |   0..626 | eager short                       | tcp/lo   |
# | 627..inf | multi-frag eager copy-in copy-out | tcp/lo   |
# +----------+-----------------------------------+----------+
# +------------+-----------------------------------+--------+
# | ucp_context_0 intra-node cfg#0                          |
# | tagged message by ucp_tag_send* from host memory        |
# +------------+-----------------------------------+--------+
# |   Range    |            Description            | Config |
# +------------+-----------------------------------+--------+
# |          0 | eager short                       | tcp/lo |
# |   1..16483 | eager zero-copy copy-out          | tcp/lo |
# | 16484..inf | multi-frag eager copy-in copy-out | tcp/lo |
# +------------+-----------------------------------+--------+
/tmp/ucx-clinic-38becbb6c7/stock-align-src/src/ucs/datastruct/mpool.c:254:12: runtime error: member access within misaligned address 0x55a6af621ed4 for type 'ucs_mpool_chunk_t' (aka 'struct ucs_mpool_chunk'), which requires 8 byte alignment
0x55a6af621ed4: note: pointer points here
  00 00 00 00 00 00 00 00  00 00 00 00 00 00 00 00  00 00 00 00 00 00 00 00  00 00 00 00 00 00 00 00
              ^ 
SUMMARY: UndefinedBehaviorSanitizer: undefined-behavior /tmp/ucx-clinic-38becbb6c7/stock-align-src/src/ucs/datastruct/mpool.c:254:12 
/tmp/ucx-clinic-38becbb6c7/stock-align-src/src/ucs/datastruct/mpool.c:254:12: runtime error: store to misaligned address 0x55a6af621edc for type 'void *', which requires 8 byte alignment
0x55a6af621edc: note: pointer points here
  00 00 00 00 00 00 00 00  00 00 00 00 00 00 00 00  00 00 00 00 00 00 00 00  00 00 00 00 00 00 00 00
              ^ 
SUMMARY: UndefinedBehaviorSanitizer: undefined-behavior /tmp/ucx-clinic-38becbb6c7/stock-align-src/src/ucs/datastruct/mpool.c:254:12 
/tmp/ucx-clinic-38becbb6c7/stock-align-src/src/ucs/datastruct/mpool.c:255:12: runtime error: member access within misaligned address 0x55a6af621ed4 for type 'ucs_mpool_chunk_t' (aka 'struct ucs_mpool_chunk'), which requires 8 byte alignment
0x55a6af621ed4: note: pointer points here
  00 00 00 00 00 00 00 00  00 00 00 00 f8 1e 62 af  a6 55 00 00 00 00 00 00  00 00 00 00 00 00 00 00
              ^ 
SUMMARY: UndefinedBehaviorSanitizer: undefined-behavior /tmp/ucx-clinic-38becbb6c7/stock-align-src/src/ucs/datastruct/mpool.c:255:12 
/tmp/ucx-clinic-38becbb6c7/stock-align-src/src/ucs/datastruct/mpool.c:255:12: runtime error: store to misaligned address 0x55a6af621ee4 for type 'unsigned int', which requires 8 byte alignment
0x55a6af621ee4: note: pointer points here
  a6 55 00 00 00 00 00 00  00 00 00 00 00 00 00 00  00 00 00 00 00 00 00 00  00 00 00 00 00 00 00 00
              ^ 
SUMMARY: UndefinedBehaviorSanitizer: undefined-behavior /tmp/ucx-clinic-38becbb6c7/stock-align-src/src/ucs/datastruct/mpool.c:255:12 
/tmp/ucx-clinic-38becbb6c7/stock-align-src/src/ucs/datastruct/mpool.c:262:28: runtime error: member access within misaligned address 0x55a6af621ed4 for type 'ucs_mpool_chunk_t' (aka 'struct ucs_mpool_chunk'), which requires 8 byte alignment
0x55a6af621ed4: note: pointer points here
  00 00 00 00 00 00 00 00  00 00 00 00 f8 1e 62 af  a6 55 00 00 80 00 00 00  00 00 00 00 00 00 00 00
              ^ 
SUMMARY: UndefinedBehaviorSanitizer: undefined-behavior /tmp/ucx-clinic-38becbb6c7/stock-align-src/src/ucs/datastruct/mpool.c:262:28 
/tmp/ucx-clinic-38becbb6c7/stock-align-src/src/ucs/datastruct/mpool.c:262:28: runtime error: load of misaligned address 0x55a6af621ee4 for type 'unsigned int', which requires 8 byte alignment
0x55a6af621ee4: note: pointer points here
  a6 55 00 00 80 00 00 00  00 00 00 00 00 00 00 00  00 00 00 00 00 00 00 00  00 00 00 00 00 00 00 00
              ^ 
SUMMARY: UndefinedBehaviorSanitizer: undefined-behavior /tmp/ucx-clinic-38becbb6c7/stock-align-src/src/ucs/datastruct/mpool.c:262:28 
/tmp/ucx-clinic-38becbb6c7/stock-align-src/src/ucs/datastruct/mpool.c:263:46: runtime error: member access within misaligned address 0x55a6af621ed4 for type 'ucs_mpool_chunk_t' (aka 'struct ucs_mpool_chunk'), which requires 8 byte alignment
0x55a6af621ed4: note: pointer points here
  00 00 00 00 00 00 00 00  00 00 00 00 f8 1e 62 af  a6 55 00 00 80 00 00 00  00 00 00 00 00 00 00 00
              ^ 
SUMMARY: UndefinedBehaviorSanitizer: undefined-behavior /tmp/ucx-clinic-38becbb6c7/stock-align-src/src/ucs/datastruct/mpool.c:263:46 
/tmp/ucx-clinic-38becbb6c7/stock-align-src/src/ucs/datastruct/mpool.c:263:46: runtime error: load of misaligned address 0x55a6af621edc for type 'void *', which requires 8 byte alignment
0x55a6af621edc: note: pointer points here
  00 00 00 00 f8 1e 62 af  a6 55 00 00 80 00 00 00  00 00 00 00 00 00 00 00  00 00 00 00 00 00 00 00
              ^ 
SUMMARY: UndefinedBehaviorSanitizer: undefined-behavior /tmp/ucx-clinic-38becbb6c7/stock-align-src/src/ucs/datastruct/mpool.c:263:46 
/tmp/ucx-clinic-38becbb6c7/stock-align-src/src/ucs/datastruct/mpool.c:270:12: runtime error: member access within misaligned address 0x55a6af621ed4 for type 'ucs_mpool_chunk_t' (aka 'struct ucs_mpool_chunk'), which requires 8 byte alignment
0x55a6af621ed4: note: pointer points here
  00 00 00 00 00 00 00 00  00 00 00 00 f8 1e 62 af  a6 55 00 00 80 00 00 00  00 00 00 00 00 00 00 00
              ^ 
SUMMARY: UndefinedBehaviorSanitizer: undefined-behavior /tmp/ucx-clinic-38becbb6c7/stock-align-src/src/ucs/datastruct/mpool.c:270:12 
/tmp/ucx-clinic-38becbb6c7/stock-align-src/src/ucs/datastruct/mpool.c:270:12: runtime error: store to misaligned address 0x55a6af621ed4 for type 'ucs_mpool_chunk_t *' (aka 'struct ucs_mpool_chunk *'), which requires 8 byte alignment
0x55a6af621ed4: note: pointer points here
  00 00 00 00 00 00 00 00  00 00 00 00 f8 1e 62 af  a6 55 00 00 80 00 00 00  00 00 00 00 00 00 00 00
              ^ 
SUMMARY: UndefinedBehaviorSanitizer: undefined-behavior /tmp/ucx-clinic-38becbb6c7/stock-align-src/src/ucs/datastruct/mpool.c:270:12 
/tmp/ucx-clinic-38becbb6c7/stock-align-src/src/ucs/datastruct/mpool.c:296:29: runtime error: member access within misaligned address 0x55a6af621ed4 for type 'ucs_mpool_chunk_t' (aka 'struct ucs_mpool_chunk'), which requires 8 byte alignment
0x55a6af621ed4: note: pointer points here
  00 00 00 00 00 00 00 00  00 00 00 00 f8 1e 62 af  a6 55 00 00 80 00 00 00  00 00 00 00 00 00 00 00
              ^ 
SUMMARY: UndefinedBehaviorSanitizer: undefined-behavior /tmp/ucx-clinic-38becbb6c7/stock-align-src/src/ucs/datastruct/mpool.c:296:29 
/tmp/ucx-clinic-38becbb6c7/stock-align-src/src/ucs/datastruct/mpool.c:296:29: runtime error: load of misaligned address 0x55a6af621ee4 for type 'unsigned int', which requires 8 byte alignment
0x55a6af621ee4: note: pointer points here
  a6 55 00 00 80 00 00 00  00 00 00 00 00 00 00 00  00 00 00 00 00 00 00 00  00 00 00 00 00 00 00 00
              ^ 
SUMMARY: UndefinedBehaviorSanitizer: undefined-behavior /tmp/ucx-clinic-38becbb6c7/stock-align-src/src/ucs/datastruct/mpool.c:296:29 
{"event":"request_owned","rank":0,"time_ns":35629076320843,"status":"Operation in progress"}
/tmp/ucx-clinic-38becbb6c7/stock-align-src/src/uct/tcp/tcp_cm.c:704:16: runtime error: load of misaligned address 0x752a31364205 for type 'uct_tcp_cm_conn_event_t' (aka 'enum uct_tcp_cm_conn_event'), which requires 4 byte alignment
0x752a31364205: note: pointer points here
 1d 00 00 00 01 00 00  00 00 00 00 00 00 00 00  00 00 02 00 e0 d7 7f 00  00 01 00 00 00 00 00 00  00
             ^ 
SUMMARY: UndefinedBehaviorSanitizer: undefined-behavior /tmp/ucx-clinic-38becbb6c7/stock-align-src/src/uct/tcp/tcp_cm.c:704:16 
{"event":"request_complete","rank":0,"time_ns":35629077325581,"status":"Success"}
{"event":"request_freed","rank":0,"time_ns":35629077334588,"status":"Success"}
{"event":"request_owned","rank":0,"time_ns":35629077341564,"status":"Operation in progress"}
{"event":"request_complete","rank":0,"time_ns":35629077436701,"status":"Success"}
{"event":"request_freed","rank":0,"time_ns":35629077438468,"status":"Success"}
{"event":"request_owned","rank":0,"time_ns":35629077593174,"status":"Operation in progress"}
{"event":"request_complete","rank":0,"time_ns":35629077663180,"status":"Success"}
{"event":"request_freed","rank":0,"time_ns":35629077664977,"status":"Success"}
{"event":"request_owned","rank":0,"time_ns":35629077828169,"status":"Operation in progress"}
{"event":"request_complete","rank":0,"time_ns":35629077880750,"status":"Success"}
{"event":"request_freed","rank":0,"time_ns":35629077882485,"status":"Success"}
{"event":"request_owned","rank":0,"time_ns":35629078038419,"status":"Operation in progress"}
{"event":"request_complete","rank":0,"time_ns":35629078081653,"status":"Success"}
{"event":"request_freed","rank":0,"time_ns":35629078083160,"status":"Success"}
{"event":"request_owned","rank":0,"time_ns":35629078235565,"status":"Operation in progress"}
{"event":"request_complete","rank":0,"time_ns":35629078275189,"status":"Success"}
{"event":"request_freed","rank":0,"time_ns":35629078277052,"status":"Success"}
{"event":"request_owned","rank":0,"time_ns":35629078425339,"status":"Operation in progress"}
{"event":"request_complete","rank":0,"time_ns":35629078465762,"status":"Success"}
{"event":"request_freed","rank":0,"time_ns":35629078467003,"status":"Success"}
{"event":"request_owned","rank":0,"time_ns":35629078622788,"status":"Operation in progress"}
{"event":"request_complete","rank":0,"time_ns":35629078661638,"status":"Success"}
{"event":"request_freed","rank":0,"time_ns":35629078663441,"status":"Success"}
{"event":"request_owned","rank":0,"time_ns":35629078826365,"status":"Operation in progress"}
{"event":"request_complete","rank":0,"time_ns":35629078885502,"status":"Success"}
{"event":"request_freed","rank":0,"time_ns":35629078887931,"status":"Success"}
{"event":"request_owned","rank":0,"time_ns":35629079044103,"status":"Operation in progress"}
{"event":"request_complete","rank":0,"time_ns":35629079089748,"status":"Success"}
{"event":"request_freed","rank":0,"time_ns":35629079092055,"status":"Success"}
{"event":"request_owned","rank":0,"time_ns":35629079247304,"status":"Operation in progress"}
{"event":"request_complete","rank":0,"time_ns":35629079286179,"status":"Success"}
{"event":"request_freed","rank":0,"time_ns":35629079287769,"status":"Success"}
{"event":"request_owned","rank":0,"time_ns":35629079437076,"status":"Operation in progress"}
{"event":"request_complete","rank":0,"time_ns":35629079475342,"status":"Success"}
{"event":"request_freed","rank":0,"time_ns":35629079477038,"status":"Success"}
{"event":"request_owned","rank":0,"time_ns":35629079630574,"status":"Operation in progress"}
{"event":"request_complete","rank":0,"time_ns":35629079670435,"status":"Success"}
{"event":"request_freed","rank":0,"time_ns":35629079671958,"status":"Success"}
{"event":"request_owned","rank":0,"time_ns":35629079823983,"status":"Operation in progress"}
{"event":"request_complete","rank":0,"time_ns":35629079863510,"status":"Success"}
{"event":"request_freed","rank":0,"time_ns":35629079865468,"status":"Success"}
{"event":"request_owned","rank":0,"time_ns":35629080110753,"status":"Operation in progress"}
{"event":"request_complete","rank":0,"time_ns":35629080152799,"status":"Success"}
{"event":"request_freed","rank":0,"time_ns":35629080154366,"status":"Success"}
{"event":"request_owned","rank":0,"time_ns":35629080307742,"status":"Operation in progress"}
{"event":"request_complete","rank":0,"time_ns":35629080346015,"status":"Success"}
{"event":"request_freed","rank":0,"time_ns":35629080347451,"status":"Success"}
{"event":"request_owned","rank":0,"time_ns":35629080497676,"status":"Operation in progress"}
{"event":"request_complete","rank":0,"time_ns":35629080534980,"status":"Success"}
{"event":"request_freed","rank":0,"time_ns":35629080536476,"status":"Success"}
{"event":"request_owned","rank":0,"time_ns":35629080688108,"status":"Operation in progress"}
{"event":"request_complete","rank":0,"time_ns":35629080726447,"status":"Success"}
{"event":"request_freed","rank":0,"time_ns":35629080727877,"status":"Success"}
{"event":"request_owned","rank":0,"time_ns":35629080876624,"status":"Operation in progress"}
{"event":"request_complete","rank":0,"time_ns":35629080912987,"status":"Success"}
{"event":"request_freed","rank":0,"time_ns":35629080914592,"status":"Success"}
{"event":"request_owned","rank":0,"time_ns":35629081070684,"status":"Operation in progress"}
{"event":"request_complete","rank":0,"time_ns":35629081117153,"status":"Success"}
{"event":"request_freed","rank":0,"time_ns":35629081119502,"status":"Success"}
{"event":"request_owned","rank":0,"time_ns":35629081273251,"status":"Operation in progress"}
{"event":"request_complete","rank":0,"time_ns":35629081317586,"status":"Success"}
{"event":"request_freed","rank":0,"time_ns":35629081319482,"status":"Success"}
{"event":"request_owned","rank":0,"time_ns":35629081470534,"status":"Operation in progress"}
{"event":"request_complete","rank":0,"time_ns":35629081510441,"status":"Success"}
{"event":"request_freed","rank":0,"time_ns":35629081511823,"status":"Success"}
{"event":"request_owned","rank":0,"time_ns":35629081661077,"status":"Operation in progress"}
{"event":"request_complete","rank":0,"time_ns":35629081698607,"status":"Success"}
{"event":"request_freed","rank":0,"time_ns":35629081700138,"status":"Success"}
{"event":"request_owned","rank":0,"time_ns":35629081849986,"status":"Operation in progress"}
{"event":"request_complete","rank":0,"time_ns":35629081887431,"status":"Success"}
{"event":"request_freed","rank":0,"time_ns":35629081889109,"status":"Success"}
{"event":"request_owned","rank":0,"time_ns":35629082042162,"status":"Operation in progress"}
{"event":"request_complete","rank":0,"time_ns":35629082081847,"status":"Success"}
{"event":"request_freed","rank":0,"time_ns":35629082083457,"status":"Success"}
{"event":"request_owned","rank":0,"time_ns":35629082231399,"status":"Operation in progress"}
{"event":"request_complete","rank":0,"time_ns":35629082269226,"status":"Success"}
{"event":"request_freed","rank":0,"time_ns":35629082270769,"status":"Success"}
/tmp/ucx-clinic-38becbb6c7/stock-align-src/src/uct/tcp/tcp_cm.c:242:9: runtime error: store to misaligned address 0x7ffc6118aa35 for type 'uct_tcp_cm_conn_event_t' (aka 'enum uct_tcp_cm_conn_event'), which requires 4 byte alignment
0x7ffc6118aa35: note: pointer points here
 04 00 00 00 55 00 00  10 50 38 31 2a 75 00 00  e0 05 60 af a6 55 00 00  f8 05 60 af 00 00 00 00  02
             ^ 
SUMMARY: UndefinedBehaviorSanitizer: undefined-behavior /tmp/ucx-clinic-38becbb6c7/stock-align-src/src/uct/tcp/tcp_cm.c:242:9 
/tmp/ucx-clinic-38becbb6c7/stock-align-src/src/ucs/datastruct/mpool.c:30:28: runtime error: member access within misaligned address 0x55a6af621ed4 for type 'ucs_mpool_chunk_t' (aka 'struct ucs_mpool_chunk'), which requires 8 byte alignment
0x55a6af621ed4: note: pointer points here
  00 00 00 00 00 00 00 00  00 00 00 00 f8 1e 62 af  a6 55 00 00 80 00 00 00  00 00 00 00 00 00 00 00
              ^ 
SUMMARY: UndefinedBehaviorSanitizer: undefined-behavior /tmp/ucx-clinic-38becbb6c7/stock-align-src/src/ucs/datastruct/mpool.c:30:28 
/tmp/ucx-clinic-38becbb6c7/stock-align-src/src/ucs/datastruct/mpool.c:30:28: runtime error: load of misaligned address 0x55a6af621ee4 for type 'unsigned int', which requires 8 byte alignment
0x55a6af621ee4: note: pointer points here
  a6 55 00 00 80 00 00 00  00 00 00 00 00 00 00 00  00 00 00 00 00 00 00 00  00 00 00 00 00 00 00 00
              ^ 
SUMMARY: UndefinedBehaviorSanitizer: undefined-behavior /tmp/ucx-clinic-38becbb6c7/stock-align-src/src/ucs/datastruct/mpool.c:30:28 
/tmp/ucx-clinic-38becbb6c7/stock-align-src/src/ucs/datastruct/mpool.c:31:47: runtime error: member access within misaligned address 0x55a6af621ed4 for type 'ucs_mpool_chunk_t' (aka 'struct ucs_mpool_chunk'), which requires 8 byte alignment
0x55a6af621ed4: note: pointer points here
  00 00 00 00 00 00 00 00  00 00 00 00 f8 1e 62 af  a6 55 00 00 80 00 00 00  00 00 00 00 00 00 00 00
              ^ 
SUMMARY: UndefinedBehaviorSanitizer: undefined-behavior /tmp/ucx-clinic-38becbb6c7/stock-align-src/src/ucs/datastruct/mpool.c:31:47 
/tmp/ucx-clinic-38becbb6c7/stock-align-src/src/ucs/datastruct/mpool.c:31:47: runtime error: load of misaligned address 0x55a6af621edc for type 'void *', which requires 8 byte alignment
0x55a6af621edc: note: pointer points here
  00 00 00 00 f8 1e 62 af  a6 55 00 00 80 00 00 00  00 00 00 00 00 00 00 00  00 00 00 00 00 00 00 00
              ^ 
SUMMARY: UndefinedBehaviorSanitizer: undefined-behavior /tmp/ucx-clinic-38becbb6c7/stock-align-src/src/ucs/datastruct/mpool.c:31:47 
/tmp/ucx-clinic-38becbb6c7/stock-align-src/src/ucs/datastruct/mpool.c:162:66: runtime error: member access within misaligned address 0x55a6af621ed4 for type 'ucs_mpool_chunk_t' (aka 'struct ucs_mpool_chunk'), which requires 8 byte alignment
0x55a6af621ed4: note: pointer points here
  00 00 00 00 00 00 00 00  00 00 00 00 f8 1e 62 af  a6 55 00 00 80 00 00 00  00 00 00 00 00 00 00 00
              ^ 
SUMMARY: UndefinedBehaviorSanitizer: undefined-behavior /tmp/ucx-clinic-38becbb6c7/stock-align-src/src/ucs/datastruct/mpool.c:162:66 
/tmp/ucx-clinic-38becbb6c7/stock-align-src/src/ucs/datastruct/mpool.c:162:66: runtime error: load of misaligned address 0x55a6af621ed4 for type 'ucs_mpool_chunk_t *' (aka 'struct ucs_mpool_chunk *'), which requires 8 byte alignment
0x55a6af621ed4: note: pointer points here
  00 00 00 00 00 00 00 00  00 00 00 00 f8 1e 62 af  a6 55 00 00 80 00 00 00  00 00 00 00 00 00 00 00
              ^ 
SUMMARY: UndefinedBehaviorSanitizer: undefined-behavior /tmp/ucx-clinic-38becbb6c7/stock-align-src/src/ucs/datastruct/mpool.c:162:66 
/tmp/ucx-clinic-38becbb6c7/stock-align-src/src/ucs/datastruct/mpool.c:176:29: runtime error: member access within misaligned address 0x55a6af621ed4 for type 'ucs_mpool_chunk_t' (aka 'struct ucs_mpool_chunk'), which requires 8 byte alignment
0x55a6af621ed4: note: pointer points here
  00 00 00 00 00 00 00 00  00 00 00 00 f8 1e 62 af  a6 55 00 00 80 00 00 00  00 00 00 00 00 00 00 00
              ^ 
SUMMARY: UndefinedBehaviorSanitizer: undefined-behavior /tmp/ucx-clinic-38becbb6c7/stock-align-src/src/ucs/datastruct/mpool.c:176:29 
/tmp/ucx-clinic-38becbb6c7/stock-align-src/src/ucs/datastruct/mpool.c:176:29: runtime error: load of misaligned address 0x55a6af621ed4 for type 'ucs_mpool_chunk_t *' (aka 'struct ucs_mpool_chunk *'), which requires 8 byte alignment
0x55a6af621ed4: note: pointer points here
  00 00 00 00 00 00 00 00  00 00 00 00 f8 1e 62 af  a6 55 00 00 80 00 00 00  00 00 00 00 00 00 00 00
              ^ 
SUMMARY: UndefinedBehaviorSanitizer: undefined-behavior /tmp/ucx-clinic-38becbb6c7/stock-align-src/src/ucs/datastruct/mpool.c:176:29 
