/tmp/ucx-clinic-38becbb6c7/patched-align-src/src/ucp/rndv/rndv_rtr.c:283:52: runtime error: member access within misaligned address 0x5b2935cf7001 for type 'const ucp_proto_rndv_ctrl_priv_t', which requires 8 byte alignment
0x5b2935cf7001: note: pointer points here
 40 7d 00  00 00 00 00 00 00 00 00  00 00 00 00 00 00 00 00  00 95 11 09 aa 40 7d 00  00 c8 00 00 00
              ^ 
SUMMARY: UndefinedBehaviorSanitizer: undefined-behavior /tmp/ucx-clinic-38becbb6c7/patched-align-src/src/ucp/rndv/rndv_rtr.c:283:52 
/tmp/ucx-clinic-38becbb6c7/patched-align-src/src/ucp/proto/proto_select.c:891:40: runtime error: member access within misaligned address 0x5b2935cf7421 for type 'const ucp_proto_config_t', which requires 8 byte alignment
0x5b2935cf7421: note: pointer points here
 29 5b 00  00 88 25 28 aa 40 7d 00  00 c0 e2 ce 35 29 5b 00  00 00 00 00 00 0a 00 00  00 ff 01 00 00
              ^ 
SUMMARY: UndefinedBehaviorSanitizer: undefined-behavior /tmp/ucx-clinic-38becbb6c7/patched-align-src/src/ucp/proto/proto_select.c:891:40 
/tmp/ucx-clinic-38becbb6c7/patched-align-src/src/ucp/proto/proto_select.c:891:40: runtime error: load of misaligned address 0x5b2935cf7421 for type 'const ucp_proto_t *const' (aka 'const struct ucp_proto *const'), which requires 8 byte alignment
0x5b2935cf7421: note: pointer points here
 29 5b 00  00 88 25 28 aa 40 7d 00  00 c0 e2 ce 35 29 5b 00  00 00 00 00 00 0a 00 00  00 ff 01 00 00
              ^ 
SUMMARY: UndefinedBehaviorSanitizer: undefined-behavior /tmp/ucx-clinic-38becbb6c7/patched-align-src/src/ucp/proto/proto_select.c:891:40 
/tmp/ucx-clinic-38becbb6c7/patched-align-src/src/ucp/proto/proto_select.c:892:40: runtime error: member access within misaligned address 0x5b2935cf7421 for type 'const ucp_proto_config_t', which requires 8 byte alignment
0x5b2935cf7421: note: pointer points here
 29 5b 00  00 88 25 28 aa 40 7d 00  00 c0 e2 ce 35 29 5b 00  00 00 00 00 00 0a 00 00  00 ff 01 00 00
              ^ 
SUMMARY: UndefinedBehaviorSanitizer: undefined-behavior /tmp/ucx-clinic-38becbb6c7/patched-align-src/src/ucp/proto/proto_select.c:892:40 
/tmp/ucx-clinic-38becbb6c7/patched-align-src/src/ucp/proto/proto_select.c:892:40: runtime error: load of misaligned address 0x5b2935cf7429 for type 'const void *const', which requires 8 byte alignment
0x5b2935cf7429: note: pointer points here
 40 7d 00  00 c0 e2 ce 35 29 5b 00  00 00 00 00 00 0a 00 00  00 ff 01 00 00 29 5b 00  00 d0 42 cf 35
              ^ 
SUMMARY: UndefinedBehaviorSanitizer: undefined-behavior /tmp/ucx-clinic-38becbb6c7/patched-align-src/src/ucp/proto/proto_select.c:892:40 
/tmp/ucx-clinic-38becbb6c7/patched-align-src/src/ucp/proto/proto_select.c:894:41: runtime error: member access within misaligned address 0x5b2935cf7421 for type 'const ucp_proto_config_t', which requires 8 byte alignment
0x5b2935cf7421: note: pointer points here
 29 5b 00  00 88 25 28 aa 40 7d 00  00 c0 e2 ce 35 29 5b 00  00 00 00 00 00 0a 00 00  00 ff 01 00 00
              ^ 
SUMMARY: UndefinedBehaviorSanitizer: undefined-behavior /tmp/ucx-clinic-38becbb6c7/patched-align-src/src/ucp/proto/proto_select.c:894:41 
/tmp/ucx-clinic-38becbb6c7/patched-align-src/src/ucp/proto/proto_select.c:895:27: runtime error: member access within misaligned address 0x5b2935cf7421 for type 'const ucp_proto_config_t', which requires 8 byte alignment
0x5b2935cf7421: note: pointer points here
 29 5b 00  00 88 25 28 aa 40 7d 00  00 c0 e2 ce 35 29 5b 00  00 00 00 00 00 0a 00 00  00 ff 01 00 00
              ^ 
SUMMARY: UndefinedBehaviorSanitizer: undefined-behavior /tmp/ucx-clinic-38becbb6c7/patched-align-src/src/ucp/proto/proto_select.c:895:27 
/tmp/ucx-clinic-38becbb6c7/patched-align-src/src/ucp/proto/proto_select.c:895:27: runtime error: load of misaligned address 0x5b2935cf7431 for type 'const ucp_worker_cfg_index_t' (aka 'const unsigned short'), which requires 8 byte alignment
0x5b2935cf7431: note: pointer points here
 29 5b 00  00 00 00 00 00 0a 00 00  00 ff 01 00 00 29 5b 00  00 d0 42 cf 35 29 5b 00  00 00 00 00 00
              ^ 
SUMMARY: UndefinedBehaviorSanitizer: undefined-behavior /tmp/ucx-clinic-38becbb6c7/patched-align-src/src/ucp/proto/proto_select.c:895:27 
/tmp/ucx-clinic-38becbb6c7/patched-align-src/src/ucp/proto/proto_select.c:900:19: runtime error: member access within misaligned address 0x5b2935cf7421 for type 'const ucp_proto_config_t', which requires 8 byte alignment
0x5b2935cf7421: note: pointer points here
 29 5b 00  00 88 25 28 aa 40 7d 00  00 c0 e2 ce 35 29 5b 00  00 00 00 00 00 0a 00 00  00 ff 01 00 00
              ^ 
SUMMARY: UndefinedBehaviorSanitizer: undefined-behavior /tmp/ucx-clinic-38becbb6c7/patched-align-src/src/ucp/proto/proto_select.c:900:19 
/tmp/ucx-clinic-38becbb6c7/patched-align-src/src/ucp/proto/proto_select.c:900:19: runtime error: load of misaligned address 0x5b2935cf7421 for type 'const ucp_proto_t *const' (aka 'const struct ucp_proto *const'), which requires 8 byte alignment
0x5b2935cf7421: note: pointer points here
 29 5b 00  00 88 25 28 aa 40 7d 00  00 c0 e2 ce 35 29 5b 00  00 00 00 00 00 0a 00 00  00 ff 01 00 00
              ^ 
SUMMARY: UndefinedBehaviorSanitizer: undefined-behavior /tmp/ucx-clinic-38becbb6c7/patched-align-src/src/ucp/proto/proto_select.c:900:19 
/tmp/ucx-clinic-38becbb6c7/patched-align-src/src/ucp/rndv/rndv_rtr.c:286:27: runtime error: member access within misaligned address 0x5b2935cf7001 for type 'const ucp_proto_rndv_ctrl_priv_t', which requires 8 byte alignment
0x5b2935cf7001: note: pointer points here
 40 7d 00  00 00 00 00 00 00 00 00  00 00 00 00 00 00 00 00  00 95 11 09 aa 40 7d 00  00 c8 00 00 00
              ^ 
SUMMARY: UndefinedBehaviorSanitizer: undefined-behavior /tmp/ucx-clinic-38becbb6c7/patched-align-src/src/ucp/rndv/rndv_rtr.c:286:27 
/tmp/ucx-clinic-38becbb6c7/patched-align-src/src/ucp/rndv/rndv_rtr.c:286:27: runtime error: load of misaligned address 0x5b2935cf7419 for type 'const ucp_lane_index_t' (aka 'const unsigned char'), which requires 8 byte alignment
0x5b2935cf7419: note: pointer points here
 00 00 00  00 00 00 cd 35 29 5b 00  00 88 25 28 aa 40 7d 00  00 c0 e2 ce 35 29 5b 00  00 00 00 00 00
              ^ 
SUMMARY: UndefinedBehaviorSanitizer: undefined-behavior /tmp/ucx-clinic-38becbb6c7/patched-align-src/src/ucp/rndv/rndv_rtr.c:286:27 
/tmp/ucx-clinic-38becbb6c7/patched-align-src/src/ucp/rndv/proto_rndv.c:647:52: runtime error: member access within misaligned address 0x5b2935cfa59f for type 'const ucp_proto_rndv_ctrl_priv_t', which requires 8 byte alignment
0x5b2935cfa59f: note: pointer points here
 00 00 00 00 00  00 00 00 00 00 00 00 00  00 00 00 00 00 00 00 a0  d2 37 aa 40 7d 00 00 48  02 00 00
             ^ 
SUMMARY: UndefinedBehaviorSanitizer: undefined-behavior /tmp/ucx-clinic-38becbb6c7/patched-align-src/src/ucp/rndv/proto_rndv.c:647:52 
/tmp/ucx-clinic-38becbb6c7/patched-align-src/src/ucp/rndv/proto_rndv.c:652:28: runtime error: member access within misaligned address 0x5b2935cfa59f for type 'const ucp_proto_rndv_ctrl_priv_t', which requires 8 byte alignment
0x5b2935cfa59f: note: pointer points here
 00 00 00 00 00  00 00 00 00 00 00 00 00  00 00 00 00 00 00 00 a0  d2 37 aa 40 7d 00 00 48  02 00 00
             ^ 
SUMMARY: UndefinedBehaviorSanitizer: undefined-behavior /tmp/ucx-clinic-38becbb6c7/patched-align-src/src/ucp/rndv/proto_rndv.c:652:28 
/tmp/ucx-clinic-38becbb6c7/patched-align-src/src/ucp/rndv/proto_rndv.c:652:28: runtime error: load of misaligned address 0x5b2935cfa9b7 for type 'const ucp_lane_index_t' (aka 'const unsigned char'), which requires 8 byte alignment
0x5b2935cfa9b7: note: pointer points here
 00 00 00 00 00  00 00 00 00 00 00 00 d0  95 2a aa 40 7d 00 00 61  6b cf 35 29 5b 00 00 00  00 ff ff
             ^ 
SUMMARY: UndefinedBehaviorSanitizer: undefined-behavior /tmp/ucx-clinic-38becbb6c7/patched-align-src/src/ucp/rndv/proto_rndv.c:652:28 
#
# UCP endpoint 
#
#               peer: <no debug data>
#                 lane[0]:  1:tcp/lo.0 md[1]                -> md[1]/tcp/sysdev[255] seg 4294967295 am keepalive wireup
#
# +--------------+--------------------------------------------+--------+
# | ucp_context_0 intra-node cfg#0                                     |
# | tagged message by ucp_tag_send*(fast-completion) from host memory  |
# +--------------+--------------------------------------------+--------+
# |    Range     |                Description                 | Config |
# +--------------+--------------------------------------------+--------+
# |      0..8184 | eager short                                | tcp/lo |
# | 8185..262143 | multi-frag eager copy-in copy-out          | tcp/lo |
# |    256K..inf | (?) rendezvous fragmented copy-in copy-out | tcp/lo |
# +--------------+--------------------------------------------+--------+
# +-----------+--------------------------------------------+--------+
# | ucp_context_0 intra-node cfg#0                                  |
# | tagged message by ucp_tag_send*(multi) from host memory         |
# +-----------+--------------------------------------------+--------+
# |   Range   |                Description                 | Config |
# +-----------+--------------------------------------------+--------+
# |    0..626 | eager short                                | tcp/lo |
# | 627..1862 | multi-frag eager copy-in copy-out          | tcp/lo |
# | 1863..inf | (?) rendezvous fragmented copy-in copy-out | tcp/lo |
# +-----------+--------------------------------------------+--------+
# +---------------+--------------------------------------------+--------+
# | ucp_context_0 intra-node cfg#0                                      |
# | tagged message by ucp_tag_send* from host memory                    |
# +---------------+--------------------------------------------+--------+
# |     Range     |                Description                 | Config |
# +---------------+--------------------------------------------+--------+
# |             0 | eager short                                | tcp/lo |
# |      1..16483 | eager zero-copy copy-out                   | tcp/lo |
# | 16484..273826 | multi-frag eager copy-in copy-out          | tcp/lo |
# |   273827..inf | (?) rendezvous fragmented copy-in copy-out | tcp/lo |
# +---------------+--------------------------------------------+--------+
/tmp/ucx-clinic-38becbb6c7/patched-align-src/src/ucs/datastruct/mpool.c:254:12: runtime error: member access within misaligned address 0x5b2935d14bb4 for type 'ucs_mpool_chunk_t' (aka 'struct ucs_mpool_chunk'), which requires 8 byte alignment
0x5b2935d14bb4: note: pointer points here
  00 00 00 00 2d 2d 2d 2d  2d 2d 2d 2d 2d 2d 2d 2b  2d 2d 2d 2d 2d 2d 2d 2d  2d 2d 2d 2d 2d 2d 2d 2d
              ^ 
SUMMARY: UndefinedBehaviorSanitizer: undefined-behavior /tmp/ucx-clinic-38becbb6c7/patched-align-src/src/ucs/datastruct/mpool.c:254:12 
/tmp/ucx-clinic-38becbb6c7/patched-align-src/src/ucs/datastruct/mpool.c:254:12: runtime error: store to misaligned address 0x5b2935d14bbc for type 'void *', which requires 8 byte alignment
0x5b2935d14bbc: note: pointer points here
  2d 2d 2d 2d 2d 2d 2d 2b  2d 2d 2d 2d 2d 2d 2d 2d  2d 2d 2d 2d 2d 2d 2d 2d  2d 2d 2d 2d 2d 2d 2d 2d
              ^ 
SUMMARY: UndefinedBehaviorSanitizer: undefined-behavior /tmp/ucx-clinic-38becbb6c7/patched-align-src/src/ucs/datastruct/mpool.c:254:12 
/tmp/ucx-clinic-38becbb6c7/patched-align-src/src/ucs/datastruct/mpool.c:255:12: runtime error: member access within misaligned address 0x5b2935d14bb4 for type 'ucs_mpool_chunk_t' (aka 'struct ucs_mpool_chunk'), which requires 8 byte alignment
0x5b2935d14bb4: note: pointer points here
  00 00 00 00 2d 2d 2d 2d  2d 2d 2d 2d f8 4b d1 35  29 5b 00 00 2d 2d 2d 2d  2d 2d 2d 2d 2d 2d 2d 2d
              ^ 
SUMMARY: UndefinedBehaviorSanitizer: undefined-behavior /tmp/ucx-clinic-38becbb6c7/patched-align-src/src/ucs/datastruct/mpool.c:255:12 
/tmp/ucx-clinic-38becbb6c7/patched-align-src/src/ucs/datastruct/mpool.c:255:12: runtime error: store to misaligned address 0x5b2935d14bc4 for type 'unsigned int', which requires 8 byte alignment
0x5b2935d14bc4: note: pointer points here
  29 5b 00 00 2d 2d 2d 2d  2d 2d 2d 2d 2d 2d 2d 2d  2d 2d 2d 2d 2d 2d 2d 2d  2d 2d 2d 2d 2d 2d 2d 2d
              ^ 
SUMMARY: UndefinedBehaviorSanitizer: undefined-behavior /tmp/ucx-clinic-38becbb6c7/patched-align-src/src/ucs/datastruct/mpool.c:255:12 
/tmp/ucx-clinic-38becbb6c7/patched-align-src/src/ucs/datastruct/mpool.c:262:28: runtime error: member access within misaligned address 0x5b2935d14bb4 for type 'ucs_mpool_chunk_t' (aka 'struct ucs_mpool_chunk'), which requires 8 byte alignment
0x5b2935d14bb4: note: pointer points here
  00 00 00 00 2d 2d 2d 2d  2d 2d 2d 2d f8 4b d1 35  29 5b 00 00 80 00 00 00  2d 2d 2d 2d 2d 2d 2d 2d
              ^ 
SUMMARY: UndefinedBehaviorSanitizer: undefined-behavior /tmp/ucx-clinic-38becbb6c7/patched-align-src/src/ucs/datastruct/mpool.c:262:28 
/tmp/ucx-clinic-38becbb6c7/patched-align-src/src/ucs/datastruct/mpool.c:262:28: runtime error: load of misaligned address 0x5b2935d14bc4 for type 'unsigned int', which requires 8 byte alignment
0x5b2935d14bc4: note: pointer points here
  29 5b 00 00 80 00 00 00  2d 2d 2d 2d 2d 2d 2d 2d  2d 2d 2d 2d 2d 2d 2d 2d  2d 2d 2d 2d 2d 2d 2d 2d
              ^ 
SUMMARY: UndefinedBehaviorSanitizer: undefined-behavior /tmp/ucx-clinic-38becbb6c7/patched-align-src/src/ucs/datastruct/mpool.c:262:28 
/tmp/ucx-clinic-38becbb6c7/patched-align-src/src/ucs/datastruct/mpool.c:263:46: runtime error: member access within misaligned address 0x5b2935d14bb4 for type 'ucs_mpool_chunk_t' (aka 'struct ucs_mpool_chunk'), which requires 8 byte alignment
0x5b2935d14bb4: note: pointer points here
  00 00 00 00 2d 2d 2d 2d  2d 2d 2d 2d f8 4b d1 35  29 5b 00 00 80 00 00 00  2d 2d 2d 2d 2d 2d 2d 2d
              ^ 
SUMMARY: UndefinedBehaviorSanitizer: undefined-behavior /tmp/ucx-clinic-38becbb6c7/patched-align-src/src/ucs/datastruct/mpool.c:263:46 
/tmp/ucx-clinic-38becbb6c7/patched-align-src/src/ucs/datastruct/mpool.c:263:46: runtime error: load of misaligned address 0x5b2935d14bbc for type 'void *', which requires 8 byte alignment
0x5b2935d14bbc: note: pointer points here
  2d 2d 2d 2d f8 4b d1 35  29 5b 00 00 80 00 00 00  2d 2d 2d 2d 2d 2d 2d 2d  2d 2d 2d 2d 2d 2d 2d 2d
              ^ 
SUMMARY: UndefinedBehaviorSanitizer: undefined-behavior /tmp/ucx-clinic-38becbb6c7/patched-align-src/src/ucs/datastruct/mpool.c:263:46 
/tmp/ucx-clinic-38becbb6c7/patched-align-src/src/ucs/datastruct/mpool.c:270:12: runtime error: member access within misaligned address 0x5b2935d14bb4 for type 'ucs_mpool_chunk_t' (aka 'struct ucs_mpool_chunk'), which requires 8 byte alignment
0x5b2935d14bb4: note: pointer points here
  00 00 00 00 2d 2d 2d 2d  2d 2d 2d 2d f8 4b d1 35  29 5b 00 00 80 00 00 00  2d 2d 2d 2d 2d 2d 2d 2d
              ^ 
SUMMARY: UndefinedBehaviorSanitizer: undefined-behavior /tmp/ucx-clinic-38becbb6c7/patched-align-src/src/ucs/datastruct/mpool.c:270:12 
/tmp/ucx-clinic-38becbb6c7/patched-align-src/src/ucs/datastruct/mpool.c:270:12: runtime error: store to misaligned address 0x5b2935d14bb4 for type 'ucs_mpool_chunk_t *' (aka 'struct ucs_mpool_chunk *'), which requires 8 byte alignment
0x5b2935d14bb4: note: pointer points here
  00 00 00 00 2d 2d 2d 2d  2d 2d 2d 2d f8 4b d1 35  29 5b 00 00 80 00 00 00  2d 2d 2d 2d 2d 2d 2d 2d
              ^ 
SUMMARY: UndefinedBehaviorSanitizer: undefined-behavior /tmp/ucx-clinic-38becbb6c7/patched-align-src/src/ucs/datastruct/mpool.c:270:12 
/tmp/ucx-clinic-38becbb6c7/patched-align-src/src/ucs/datastruct/mpool.c:296:29: runtime error: member access within misaligned address 0x5b2935d14bb4 for type 'ucs_mpool_chunk_t' (aka 'struct ucs_mpool_chunk'), which requires 8 byte alignment
0x5b2935d14bb4: note: pointer points here
  00 00 00 00 00 00 00 00  00 00 00 00 f8 4b d1 35  29 5b 00 00 80 00 00 00  2d 2d 2d 2d 2d 2d 2d 2d
              ^ 
SUMMARY: UndefinedBehaviorSanitizer: undefined-behavior /tmp/ucx-clinic-38becbb6c7/patched-align-src/src/ucs/datastruct/mpool.c:296:29 
/tmp/ucx-clinic-38becbb6c7/patched-align-src/src/ucs/datastruct/mpool.c:296:29: runtime error: load of misaligned address 0x5b2935d14bc4 for type 'unsigned int', which requires 8 byte alignment
0x5b2935d14bc4: note: pointer points here
  29 5b 00 00 80 00 00 00  2d 2d 2d 2d 2d 2d 2d 2d  2d 2d 2d 2d 2d 2d 2d 2d  2d 2d 2d 2d 2d 2d 2d 2d
              ^ 
SUMMARY: UndefinedBehaviorSanitizer: undefined-behavior /tmp/ucx-clinic-38becbb6c7/patched-align-src/src/ucs/datastruct/mpool.c:296:29 
{"event":"request_owned","rank":1,"time_ns":35632042004379,"status":"Operation in progress"}
/tmp/ucx-clinic-38becbb6c7/patched-align-src/src/uct/tcp/tcp_cm.c:704:16: runtime error: load of misaligned address 0x7d40a8038205 for type 'uct_tcp_cm_conn_event_t' (aka 'enum uct_tcp_cm_conn_event'), which requires 4 byte alignment
0x7d40a8038205: note: pointer points here
 1d 00 00 00 01 00 00  00 00 00 00 00 00 00 00  00 00 02 00 90 31 7f 00  00 01 00 00 00 00 00 00  00
             ^ 
SUMMARY: UndefinedBehaviorSanitizer: undefined-behavior /tmp/ucx-clinic-38becbb6c7/patched-align-src/src/uct/tcp/tcp_cm.c:704:16 
/tmp/ucx-clinic-38becbb6c7/patched-align-src/src/uct/tcp/tcp_cm.c:242:9: runtime error: store to misaligned address 0x7fffee4a6f65 for type 'uct_tcp_cm_conn_event_t' (aka 'enum uct_tcp_cm_conn_event'), which requires 4 byte alignment
0x7fffee4a6f65: note: pointer points here
 04 00 00 00 7d 00 00  84 5a 77 a9 40 7d 00 00  c0 08 00 a0 40 7d 00 00  d0 08 00 a0 00 00 00 00  ca
             ^ 
SUMMARY: UndefinedBehaviorSanitizer: undefined-behavior /tmp/ucx-clinic-38becbb6c7/patched-align-src/src/uct/tcp/tcp_cm.c:242:9 
{"event":"request_complete","rank":1,"time_ns":35632042788356,"status":"Success"}
{"event":"request_freed","rank":1,"time_ns":35632042791500,"status":"Success"}
{"event":"request_owned","rank":1,"time_ns":35632042820328,"status":"Operation in progress"}
{"event":"request_complete","rank":1,"time_ns":35632042844048,"status":"Success"}
{"event":"request_freed","rank":1,"time_ns":35632042845234,"status":"Success"}
{"event":"request_owned","rank":1,"time_ns":35632042855081,"status":"Operation in progress"}
{"event":"request_complete","rank":1,"time_ns":35632042865987,"status":"Success"}
{"event":"request_freed","rank":1,"time_ns":35632042867057,"status":"Success"}
{"event":"request_owned","rank":1,"time_ns":35632042874874,"status":"Operation in progress"}
{"event":"request_complete","rank":1,"time_ns":35632042885085,"status":"Success"}
{"event":"request_freed","rank":1,"time_ns":35632042886123,"status":"Success"}
{"event":"request_owned","rank":1,"time_ns":35632042893644,"status":"Operation in progress"}
{"event":"request_complete","rank":1,"time_ns":35632042903505,"status":"Success"}
{"event":"request_freed","rank":1,"time_ns":35632042904502,"status":"Success"}
{"event":"request_owned","rank":1,"time_ns":35632042912260,"status":"Operation in progress"}
{"event":"request_complete","rank":1,"time_ns":35632042922410,"status":"Success"}
{"event":"request_freed","rank":1,"time_ns":35632042923385,"status":"Success"}
{"event":"request_owned","rank":1,"time_ns":35632042930688,"status":"Operation in progress"}
{"event":"request_complete","rank":1,"time_ns":35632042944736,"status":"Success"}
{"event":"request_freed","rank":1,"time_ns":35632042945709,"status":"Success"}
{"event":"request_owned","rank":1,"time_ns":35632042953364,"status":"Operation in progress"}
{"event":"request_complete","rank":1,"time_ns":35632042963969,"status":"Success"}
{"event":"request_freed","rank":1,"time_ns":35632042964928,"status":"Success"}
{"event":"request_owned","rank":1,"time_ns":35632042972648,"status":"Operation in progress"}
{"event":"request_complete","rank":1,"time_ns":35632042982383,"status":"Success"}
{"event":"request_freed","rank":1,"time_ns":35632042983360,"status":"Success"}
{"event":"request_owned","rank":1,"time_ns":35632042990541,"status":"Operation in progress"}
{"event":"request_complete","rank":1,"time_ns":35632043005118,"status":"Success"}
{"event":"request_freed","rank":1,"time_ns":35632043009382,"status":"Success"}
{"event":"request_owned","rank":1,"time_ns":35632043018138,"status":"Operation in progress"}
{"event":"request_complete","rank":1,"time_ns":35632043054088,"status":"Success"}
{"event":"request_freed","rank":1,"time_ns":35632043055364,"status":"Success"}
{"event":"request_owned","rank":1,"time_ns":35632043064191,"status":"Operation in progress"}
{"event":"request_complete","rank":1,"time_ns":35632043070521,"status":"Success"}
{"event":"request_freed","rank":1,"time_ns":35632043077032,"status":"Success"}
{"event":"request_owned","rank":1,"time_ns":35632043085585,"status":"Operation in progress"}
{"event":"request_complete","rank":1,"time_ns":35632043090862,"status":"Success"}
{"event":"request_freed","rank":1,"time_ns":35632043091873,"status":"Success"}
{"event":"request_owned","rank":1,"time_ns":35632043099367,"status":"Operation in progress"}
{"event":"request_complete","rank":1,"time_ns":35632043113467,"status":"Success"}
{"event":"request_freed","rank":1,"time_ns":35632043114487,"status":"Success"}
{"event":"request_owned","rank":1,"time_ns":35632043121974,"status":"Operation in progress"}
{"event":"request_complete","rank":1,"time_ns":35632043128446,"status":"Success"}
{"event":"request_freed","rank":1,"time_ns":35632043129465,"status":"Success"}
{"event":"request_owned","rank":1,"time_ns":35632043137123,"status":"Operation in progress"}
{"event":"request_complete","rank":1,"time_ns":35632043142228,"status":"Success"}
{"event":"request_freed","rank":1,"time_ns":35632043143237,"status":"Success"}
{"event":"request_owned","rank":1,"time_ns":35632043150832,"status":"Operation in progress"}
{"event":"request_complete","rank":1,"time_ns":35632043155814,"status":"Success"}
{"event":"request_freed","rank":1,"time_ns":35632043156836,"status":"Success"}
{"event":"request_owned","rank":1,"time_ns":35632043164244,"status":"Operation in progress"}
{"event":"request_complete","rank":1,"time_ns":35632043169163,"status":"Success"}
{"event":"request_freed","rank":1,"time_ns":35632043170117,"status":"Success"}
{"event":"request_owned","rank":1,"time_ns":35632043177521,"status":"Operation in progress"}
{"event":"request_complete","rank":1,"time_ns":35632043182416,"status":"Success"}
{"event":"request_freed","rank":1,"time_ns":35632043183396,"status":"Success"}
{"event":"request_owned","rank":1,"time_ns":35632043190778,"status":"Operation in progress"}
{"event":"request_complete","rank":1,"time_ns":35632043195747,"status":"Success"}
{"event":"request_freed","rank":1,"time_ns":35632043196726,"status":"Success"}
{"event":"request_owned","rank":1,"time_ns":35632043204174,"status":"Operation in progress"}
{"event":"request_complete","rank":1,"time_ns":35632043209165,"status":"Success"}
{"event":"request_freed","rank":1,"time_ns":35632043210131,"status":"Success"}
{"event":"request_owned","rank":1,"time_ns":35632043217413,"status":"Operation in progress"}
{"event":"request_complete","rank":1,"time_ns":35632043222369,"status":"Success"}
{"event":"request_freed","rank":1,"time_ns":35632043223356,"status":"Success"}
{"event":"request_owned","rank":1,"time_ns":35632043230654,"status":"Operation in progress"}
{"event":"request_complete","rank":1,"time_ns":35632043235453,"status":"Success"}
{"event":"request_freed","rank":1,"time_ns":35632043236406,"status":"Success"}
{"event":"request_owned","rank":1,"time_ns":35632043243609,"status":"Operation in progress"}
{"event":"request_complete","rank":1,"time_ns":35632043248566,"status":"Success"}
{"event":"request_freed","rank":1,"time_ns":35632043249561,"status":"Success"}
{"event":"request_owned","rank":1,"time_ns":35632043256745,"status":"Operation in progress"}
{"event":"request_complete","rank":1,"time_ns":35632043261699,"status":"Success"}
{"event":"request_freed","rank":1,"time_ns":35632043262681,"status":"Success"}
/tmp/ucx-clinic-38becbb6c7/patched-align-src/src/ucs/datastruct/mpool.c:30:28: runtime error: member access within misaligned address 0x5b2935d14bb4 for type 'ucs_mpool_chunk_t' (aka 'struct ucs_mpool_chunk'), which requires 8 byte alignment
0x5b2935d14bb4: note: pointer points here
  00 00 00 00 00 00 00 00  00 00 00 00 f8 4b d1 35  29 5b 00 00 80 00 00 00  2d 2d 2d 2d 2d 2d 2d 2d
              ^ 
SUMMARY: UndefinedBehaviorSanitizer: undefined-behavior /tmp/ucx-clinic-38becbb6c7/patched-align-src/src/ucs/datastruct/mpool.c:30:28 
/tmp/ucx-clinic-38becbb6c7/patched-align-src/src/ucs/datastruct/mpool.c:30:28: runtime error: load of misaligned address 0x5b2935d14bc4 for type 'unsigned int', which requires 8 byte alignment
0x5b2935d14bc4: note: pointer points here
  29 5b 00 00 80 00 00 00  2d 2d 2d 2d 2d 2d 2d 2d  2d 2d 2d 2d 2d 2d 2d 2d  2d 2d 2d 2d 2d 2d 2d 2d
              ^ 
SUMMARY: UndefinedBehaviorSanitizer: undefined-behavior /tmp/ucx-clinic-38becbb6c7/patched-align-src/src/ucs/datastruct/mpool.c:30:28 
/tmp/ucx-clinic-38becbb6c7/patched-align-src/src/ucs/datastruct/mpool.c:31:47: runtime error: member access within misaligned address 0x5b2935d14bb4 for type 'ucs_mpool_chunk_t' (aka 'struct ucs_mpool_chunk'), which requires 8 byte alignment
0x5b2935d14bb4: note: pointer points here
  00 00 00 00 00 00 00 00  00 00 00 00 f8 4b d1 35  29 5b 00 00 80 00 00 00  2d 2d 2d 2d 2d 2d 2d 2d
              ^ 
SUMMARY: UndefinedBehaviorSanitizer: undefined-behavior /tmp/ucx-clinic-38becbb6c7/patched-align-src/src/ucs/datastruct/mpool.c:31:47 
/tmp/ucx-clinic-38becbb6c7/patched-align-src/src/ucs/datastruct/mpool.c:31:47: runtime error: load of misaligned address 0x5b2935d14bbc for type 'void *', which requires 8 byte alignment
0x5b2935d14bbc: note: pointer points here
  00 00 00 00 f8 4b d1 35  29 5b 00 00 80 00 00 00  2d 2d 2d 2d 2d 2d 2d 2d  2d 2d 2d 2d 2d 2d 2d 2d
              ^ 
SUMMARY: UndefinedBehaviorSanitizer: undefined-behavior /tmp/ucx-clinic-38becbb6c7/patched-align-src/src/ucs/datastruct/mpool.c:31:47 
/tmp/ucx-clinic-38becbb6c7/patched-align-src/src/ucs/datastruct/mpool.c:162:66: runtime error: member access within misaligned address 0x5b2935d14bb4 for type 'ucs_mpool_chunk_t' (aka 'struct ucs_mpool_chunk'), which requires 8 byte alignment
0x5b2935d14bb4: note: pointer points here
  00 00 00 00 00 00 00 00  00 00 00 00 f8 4b d1 35  29 5b 00 00 80 00 00 00  2d 2d 2d 2d 2d 2d 2d 2d
              ^ 
SUMMARY: UndefinedBehaviorSanitizer: undefined-behavior /tmp/ucx-clinic-38becbb6c7/patched-align-src/src/ucs/datastruct/mpool.c:162:66 
/tmp/ucx-clinic-38becbb6c7/patched-align-src/src/ucs/datastruct/mpool.c:162:66: runtime error: load of misaligned address 0x5b2935d14bb4 for type 'ucs_mpool_chunk_t *' (aka 'struct ucs_mpool_chunk *'), which requires 8 byte alignment
0x5b2935d14bb4: note: pointer points here
  00 00 00 00 00 00 00 00  00 00 00 00 f8 4b d1 35  29 5b 00 00 80 00 00 00  2d 2d 2d 2d 2d 2d 2d 2d
              ^ 
SUMMARY: UndefinedBehaviorSanitizer: undefined-behavior /tmp/ucx-clinic-38becbb6c7/patched-align-src/src/ucs/datastruct/mpool.c:162:66 
/tmp/ucx-clinic-38becbb6c7/patched-align-src/src/ucs/datastruct/mpool.c:176:29: runtime error: member access within misaligned address 0x5b2935d14bb4 for type 'ucs_mpool_chunk_t' (aka 'struct ucs_mpool_chunk'), which requires 8 byte alignment
0x5b2935d14bb4: note: pointer points here
  00 00 00 00 00 00 00 00  00 00 00 00 f8 4b d1 35  29 5b 00 00 80 00 00 00  2d 2d 2d 2d 2d 2d 2d 2d
              ^ 
SUMMARY: UndefinedBehaviorSanitizer: undefined-behavior /tmp/ucx-clinic-38becbb6c7/patched-align-src/src/ucs/datastruct/mpool.c:176:29 
/tmp/ucx-clinic-38becbb6c7/patched-align-src/src/ucs/datastruct/mpool.c:176:29: runtime error: load of misaligned address 0x5b2935d14bb4 for type 'ucs_mpool_chunk_t *' (aka 'struct ucs_mpool_chunk *'), which requires 8 byte alignment
0x5b2935d14bb4: note: pointer points here
  00 00 00 00 00 00 00 00  00 00 00 00 f8 4b d1 35  29 5b 00 00 80 00 00 00  2d 2d 2d 2d 2d 2d 2d 2d
              ^ 
SUMMARY: UndefinedBehaviorSanitizer: undefined-behavior /tmp/ucx-clinic-38becbb6c7/patched-align-src/src/ucs/datastruct/mpool.c:176:29 
