/tmp/ucx-clinic-38becbb6c7/stock-align-src/src/ucp/wireup/address.c:1241:9: runtime error: store to misaligned address 0x5e2747c67021 for type 'uint64_t' (aka 'unsigned long'), which requires 8 byte alignment
0x5e2747c67021: note: pointer points here
 00 00 00  00 00 00 00 00 00 00 00  00 00 00 00 00 00 00 00  00 00 00 00 00 00 00 00  00 00 00 00 00
              ^ 
SUMMARY: UndefinedBehaviorSanitizer: undefined-behavior /tmp/ucx-clinic-38becbb6c7/stock-align-src/src/ucp/wireup/address.c:1241:9 
/tmp/ucx-clinic-38becbb6c7/stock-align-src/src/ucp/wireup/address.c:1336:13: runtime error: store to misaligned address 0x5e2747c6702b for type 'uint16_t' (aka 'unsigned short'), which requires 2 byte alignment
0x5e2747c6702b: note: pointer points here
 5f  bf 00 00 00 00 00 00 00  00 00 00 00 00 00 00 00  00 00 00 00 00 00 00 00  00 00 00 00 00 00 00
              ^ 
SUMMARY: UndefinedBehaviorSanitizer: undefined-behavior /tmp/ucx-clinic-38becbb6c7/stock-align-src/src/ucp/wireup/address.c:1336:13 
/tmp/ucx-clinic-38becbb6c7/stock-align-src/src/uct/sm/self/self.c:140:5: runtime error: store to misaligned address 0x5e2747c6703e for type 'uct_self_iface_addr_t' (aka 'unsigned long'), which requires 8 byte alignment
0x5e2747c6703e: note: pointer points here
 4f 03 00 08 00 00  00 00 00 00 00 00 00 00  00 00 00 00 00 00 00 00  00 00 00 00 00 00 00 00  00 00
             ^ 
SUMMARY: UndefinedBehaviorSanitizer: undefined-behavior /tmp/ucx-clinic-38becbb6c7/stock-align-src/src/uct/sm/self/self.c:140:5 
/tmp/ucx-clinic-38becbb6c7/stock-align-src/src/ucp/wireup/address.c:1167:12: runtime error: load of misaligned address 0x5e2747c5af71 for type 'uint64_t' (aka 'unsigned long'), which requires 8 byte alignment
0x5e2747c5af71: note: pointer points here
 00 00 00  20 e8 f3 50 aa 03 13 ef  0d 00 00 63 75 77 cc 2b  32 00 40 97 50 00 00 00  00 00 4f 03 00
              ^ 
SUMMARY: UndefinedBehaviorSanitizer: undefined-behavior /tmp/ucx-clinic-38becbb6c7/stock-align-src/src/ucp/wireup/address.c:1167:12 
/tmp/ucx-clinic-38becbb6c7/stock-align-src/src/ucp/wireup/address.c:1792:37: runtime error: load of misaligned address 0x5e2747c5af7b for type 'uint16_t' (aka 'unsigned short'), which requires 2 byte alignment
0x5e2747c5af7b: note: pointer points here
 ef  0d 00 00 63 75 77 cc 2b  32 00 40 97 50 00 00 00  00 00 4f 03 00 88 1d 77  59 36 4a a2 25 09 01
              ^ 
SUMMARY: UndefinedBehaviorSanitizer: undefined-behavior /tmp/ucx-clinic-38becbb6c7/stock-align-src/src/ucp/wireup/address.c:1792:37 
/tmp/ucx-clinic-38becbb6c7/stock-align-src/src/uct/sm/self/self.c:162:22: runtime error: load of misaligned address 0x5e2747c5af8e for type 'const uct_self_iface_addr_t' (aka 'const unsigned long'), which requires 8 byte alignment
0x5e2747c5af8e: note: pointer points here
 4f 03 00 88 1d 77  59 36 4a a2 25 09 01 0e  01 02 91 51 b9 4b ec 5f  74 d7 f9 ff ff ef cf 19  17 b7
             ^ 
SUMMARY: UndefinedBehaviorSanitizer: undefined-behavior /tmp/ucx-clinic-38becbb6c7/stock-align-src/src/uct/sm/self/self.c:162:22 
/tmp/ucx-clinic-38becbb6c7/stock-align-src/src/ucp/rndv/rndv_rtr.c:283:52: runtime error: member access within misaligned address 0x5e2747c7cfe1 for type 'const ucp_proto_rndv_ctrl_priv_t', which requires 8 byte alignment
0x5e2747c7cfe1: note: pointer points here
 bb 7c 00  00 00 00 00 00 00 00 00  00 00 00 00 00 00 00 00  00 4f 31 cb d4 bb 7c 00  00 c8 00 00 00
              ^ 
SUMMARY: UndefinedBehaviorSanitizer: undefined-behavior /tmp/ucx-clinic-38becbb6c7/stock-align-src/src/ucp/rndv/rndv_rtr.c:283:52 
/tmp/ucx-clinic-38becbb6c7/stock-align-src/src/ucp/proto/proto_select.c:891:40: runtime error: member access within misaligned address 0x5e2747c7d401 for type 'const ucp_proto_config_t', which requires 8 byte alignment
0x5e2747c7d401: note: pointer points here
 27 5e 00  00 88 45 ea d4 bb 7c 00  00 a0 42 c7 47 27 5e 00  00 00 00 00 00 0a 00 00  00 ff 01 00 00
              ^ 
SUMMARY: UndefinedBehaviorSanitizer: undefined-behavior /tmp/ucx-clinic-38becbb6c7/stock-align-src/src/ucp/proto/proto_select.c:891:40 
/tmp/ucx-clinic-38becbb6c7/stock-align-src/src/ucp/proto/proto_select.c:891:40: runtime error: load of misaligned address 0x5e2747c7d401 for type 'const ucp_proto_t *const' (aka 'const struct ucp_proto *const'), which requires 8 byte alignment
0x5e2747c7d401: note: pointer points here
 27 5e 00  00 88 45 ea d4 bb 7c 00  00 a0 42 c7 47 27 5e 00  00 00 00 00 00 0a 00 00  00 ff 01 00 00
              ^ 
SUMMARY: UndefinedBehaviorSanitizer: undefined-behavior /tmp/ucx-clinic-38becbb6c7/stock-align-src/src/ucp/proto/proto_select.c:891:40 
/tmp/ucx-clinic-38becbb6c7/stock-align-src/src/ucp/proto/proto_select.c:892:40: runtime error: member access within misaligned address 0x5e2747c7d401 for type 'const ucp_proto_config_t', which requires 8 byte alignment
0x5e2747c7d401: note: pointer points here
 27 5e 00  00 88 45 ea d4 bb 7c 00  00 a0 42 c7 47 27 5e 00  00 00 00 00 00 0a 00 00  00 ff 01 00 00
              ^ 
SUMMARY: UndefinedBehaviorSanitizer: undefined-behavior /tmp/ucx-clinic-38becbb6c7/stock-align-src/src/ucp/proto/proto_select.c:892:40 
/tmp/ucx-clinic-38becbb6c7/stock-align-src/src/ucp/proto/proto_select.c:892:40: runtime error: load of misaligned address 0x5e2747c7d409 for type 'const void *const', which requires 8 byte alignment
0x5e2747c7d409: note: pointer points here
 bb 7c 00  00 a0 42 c7 47 27 5e 00  00 00 00 00 00 0a 00 00  00 ff 01 00 00 27 5e 00  00 b0 a2 c7 47
              ^ 
SUMMARY: UndefinedBehaviorSanitizer: undefined-behavior /tmp/ucx-clinic-38becbb6c7/stock-align-src/src/ucp/proto/proto_select.c:892:40 
/tmp/ucx-clinic-38becbb6c7/stock-align-src/src/ucp/proto/proto_select.c:894:41: runtime error: member access within misaligned address 0x5e2747c7d401 for type 'const ucp_proto_config_t', which requires 8 byte alignment
0x5e2747c7d401: note: pointer points here
 27 5e 00  00 88 45 ea d4 bb 7c 00  00 a0 42 c7 47 27 5e 00  00 00 00 00 00 0a 00 00  00 ff 01 00 00
              ^ 
SUMMARY: UndefinedBehaviorSanitizer: undefined-behavior /tmp/ucx-clinic-38becbb6c7/stock-align-src/src/ucp/proto/proto_select.c:894:41 
/tmp/ucx-clinic-38becbb6c7/stock-align-src/src/ucp/proto/proto_select.c:895:27: runtime error: member access within misaligned address 0x5e2747c7d401 for type 'const ucp_proto_config_t', which requires 8 byte alignment
0x5e2747c7d401: note: pointer points here
 27 5e 00  00 88 45 ea d4 bb 7c 00  00 a0 42 c7 47 27 5e 00  00 00 00 00 00 0a 00 00  00 ff 01 00 00
              ^ 
SUMMARY: UndefinedBehaviorSanitizer: undefined-behavior /tmp/ucx-clinic-38becbb6c7/stock-align-src/src/ucp/proto/proto_select.c:895:27 
/tmp/ucx-clinic-38becbb6c7/stock-align-src/src/ucp/proto/proto_select.c:895:27: runtime error: load of misaligned address 0x5e2747c7d411 for type 'const ucp_worker_cfg_index_t' (aka 'const unsigned short'), which requires 8 byte alignment
0x5e2747c7d411: note: pointer points here
 27 5e 00  00 00 00 00 00 0a 00 00  00 ff 01 00 00 27 5e 00  00 b0 a2 c7 47 27 5e 00  00 00 00 00 00
              ^ 
SUMMARY: UndefinedBehaviorSanitizer: undefined-behavior /tmp/ucx-clinic-38becbb6c7/stock-align-src/src/ucp/proto/proto_select.c:895:27 
/tmp/ucx-clinic-38becbb6c7/stock-align-src/src/ucp/proto/proto_select.c:900:19: runtime error: member access within misaligned address 0x5e2747c7d401 for type 'const ucp_proto_config_t', which requires 8 byte alignment
0x5e2747c7d401: note: pointer points here
 27 5e 00  00 88 45 ea d4 bb 7c 00  00 a0 42 c7 47 27 5e 00  00 00 00 00 00 0a 00 00  00 ff 01 00 00
              ^ 
SUMMARY: UndefinedBehaviorSanitizer: undefined-behavior /tmp/ucx-clinic-38becbb6c7/stock-align-src/src/ucp/proto/proto_select.c:900:19 
/tmp/ucx-clinic-38becbb6c7/stock-align-src/src/ucp/proto/proto_select.c:900:19: runtime error: load of misaligned address 0x5e2747c7d401 for type 'const ucp_proto_t *const' (aka 'const struct ucp_proto *const'), which requires 8 byte alignment
0x5e2747c7d401: note: pointer points here
 27 5e 00  00 88 45 ea d4 bb 7c 00  00 a0 42 c7 47 27 5e 00  00 00 00 00 00 0a 00 00  00 ff 01 00 00
              ^ 
SUMMARY: UndefinedBehaviorSanitizer: undefined-behavior /tmp/ucx-clinic-38becbb6c7/stock-align-src/src/ucp/proto/proto_select.c:900:19 
/tmp/ucx-clinic-38becbb6c7/stock-align-src/src/ucp/rndv/rndv_rtr.c:286:27: runtime error: member access within misaligned address 0x5e2747c7cfe1 for type 'const ucp_proto_rndv_ctrl_priv_t', which requires 8 byte alignment
0x5e2747c7cfe1: note: pointer points here
 bb 7c 00  00 00 00 00 00 00 00 00  00 00 00 00 00 00 00 00  00 4f 31 cb d4 bb 7c 00  00 c8 00 00 00
              ^ 
SUMMARY: UndefinedBehaviorSanitizer: undefined-behavior /tmp/ucx-clinic-38becbb6c7/stock-align-src/src/ucp/rndv/rndv_rtr.c:286:27 
/tmp/ucx-clinic-38becbb6c7/stock-align-src/src/ucp/rndv/rndv_rtr.c:286:27: runtime error: load of misaligned address 0x5e2747c7d3f9 for type 'const ucp_lane_index_t' (aka 'const unsigned char'), which requires 8 byte alignment
0x5e2747c7d3f9: note: pointer points here
 00 00 00  00 00 00 c5 47 27 5e 00  00 88 45 ea d4 bb 7c 00  00 a0 42 c7 47 27 5e 00  00 00 00 00 00
              ^ 
SUMMARY: UndefinedBehaviorSanitizer: undefined-behavior /tmp/ucx-clinic-38becbb6c7/stock-align-src/src/ucp/rndv/rndv_rtr.c:286:27 
/tmp/ucx-clinic-38becbb6c7/stock-align-src/src/ucp/rndv/proto_rndv.c:647:52: runtime error: member access within misaligned address 0x5e2747c8057f for type 'const ucp_proto_rndv_ctrl_priv_t', which requires 8 byte alignment
0x5e2747c8057f: note: pointer points here
 00 00 00 00 00  00 00 00 00 00 00 00 00  00 00 00 00 00 00 00 3d  71 c7 47 27 5e 00 00 b4  71 c7 47
             ^ 
SUMMARY: UndefinedBehaviorSanitizer: undefined-behavior /tmp/ucx-clinic-38becbb6c7/stock-align-src/src/ucp/rndv/proto_rndv.c:647:52 
/tmp/ucx-clinic-38becbb6c7/stock-align-src/src/ucp/rndv/proto_rndv.c:652:28: runtime error: member access within misaligned address 0x5e2747c8057f for type 'const ucp_proto_rndv_ctrl_priv_t', which requires 8 byte alignment
0x5e2747c8057f: note: pointer points here
 00 00 00 00 00  00 00 00 00 00 00 00 00  00 00 00 00 00 00 00 3d  71 c7 47 27 5e 00 00 b4  71 c7 47
             ^ 
SUMMARY: UndefinedBehaviorSanitizer: undefined-behavior /tmp/ucx-clinic-38becbb6c7/stock-align-src/src/ucp/rndv/proto_rndv.c:652:28 
/tmp/ucx-clinic-38becbb6c7/stock-align-src/src/ucp/rndv/proto_rndv.c:652:28: runtime error: load of misaligned address 0x5e2747c80997 for type 'const ucp_lane_index_t' (aka 'const unsigned char'), which requires 8 byte alignment
0x5e2747c80997: note: pointer points here
 00 00 00 00 00  00 00 00 00 00 00 00 d0  b5 ec d4 bb 7c 00 00 41  cb c7 47 27 5e 00 00 00  00 ff ff
             ^ 
SUMMARY: UndefinedBehaviorSanitizer: undefined-behavior /tmp/ucx-clinic-38becbb6c7/stock-align-src/src/ucp/rndv/proto_rndv.c:652:28 
#
# UCP endpoint 
#
#               peer: <no debug data>
#                 lane[0]:  1:tcp/lo.0 md[1]                -> md[1]/tcp/sysdev[255] seg 4294967295 am keepalive wireup
#
# +--------------+--------------------------------------------+--------+
# | ucp_context_0 intra-node cfg#0                                     |
# | tagged message by ucp_tag_send*(fast-completion) from host memory  |
# +--------------+--------------------------------------------+--------+
# |    Range     |                Description                 | Config |
# +--------------+--------------------------------------------+--------+
# |      0..8184 | eager short                                | tcp/lo |
# | 8185..262143 | multi-frag eager copy-in copy-out          | tcp/lo |
# |    256K..inf | (?) rendezvous fragmented copy-in copy-out | tcp/lo |
# +--------------+--------------------------------------------+--------+
# +-----------+--------------------------------------------+--------+
# | ucp_context_0 intra-node cfg#0                                  |
# | tagged message by ucp_tag_send*(multi) from host memory         |
# +-----------+--------------------------------------------+--------+
# |   Range   |                Description                 | Config |
# +-----------+--------------------------------------------+--------+
# |    0..626 | eager short                                | tcp/lo |
# | 627..1862 | multi-frag eager copy-in copy-out          | tcp/lo |
# | 1863..inf | (?) rendezvous fragmented copy-in copy-out | tcp/lo |
# +-----------+--------------------------------------------+--------+
# +---------------+--------------------------------------------+--------+
# | ucp_context_0 intra-node cfg#0                                      |
# | tagged message by ucp_tag_send* from host memory                    |
# +---------------+--------------------------------------------+--------+
# |     Range     |                Description                 | Config |
# +---------------+--------------------------------------------+--------+
# |             0 | eager short                                | tcp/lo |
# |      1..16483 | eager zero-copy copy-out                   | tcp/lo |
# | 16484..273826 | multi-frag eager copy-in copy-out          | tcp/lo |
# |   273827..inf | (?) rendezvous fragmented copy-in copy-out | tcp/lo |
# +---------------+--------------------------------------------+--------+
{"event":"controlled_peer_exit","rank":1,"time_ns":35630598547709,"status":"Success"}
